[Licensing::Module] Trying to connect to existing licensing client channel...
Built from '6000.2/staging' branch; Version is '6000.2.1f1 (55300504c302) revision 5582853'; Using compiler version '194234433'; Build Type 'Release'
[Licensing::IpcConnector] Successfully connected to: "LicenseClient-migue" at "2025-08-27T07:03:07.1384833Z"
OS: 'Windows 11  (10.0.26100) 64bit Core' Language: 'en' Physical Memory: 15674 MB
BatchMode: 1, IsHumanControllingUs: 0, StartBugReporterOnCrash: 0, Is64bit: 1
Date: 2025-08-27T07:03:07Z

COMMAND LINE ARGUMENTS:
C:\Program Files\Unity\Hub\Editor\6000.2.1f1\Editor\Unity.exe
-adb2
-batchMode
-noUpm
-name
AssetImportWorker7
-projectPath
C:/Users/migue/Desktop/Work/Guided Gdev/Tile-Based/ISCS Tile
-logFile
Logs/AssetImportWorker7.log
-srvPort
55185
-licensingIpc
LicenseClient-migue
-job-worker-count
7
-background-job-worker-count
8
-gc-helper-count
1
-name
AssetImport
Successfully changed project path to: C:/Users/migue/Desktop/Work/Guided Gdev/Tile-Based/ISCS Tile
C:/Users/migue/Desktop/Work/Guided Gdev/Tile-Based/ISCS Tile
[UnityMemory] Configuration Parameters - Can be set up in boot.config
    "memorysetup-allocator-temp-initial-block-size-main=262144"
    "memorysetup-allocator-temp-initial-block-size-worker=262144"
    "memorysetup-bucket-allocator-granularity=16"
    "memorysetup-bucket-allocator-bucket-count=8"
    "memorysetup-bucket-allocator-block-size=33554432"
    "memorysetup-bucket-allocator-block-count=8"
    "memorysetup-main-allocator-block-size=16777216"
    "memorysetup-thread-allocator-block-size=16777216"
    "memorysetup-gfx-main-allocator-block-size=16777216"
    "memorysetup-gfx-thread-allocator-block-size=16777216"
    "memorysetup-cache-allocator-block-size=4194304"
    "memorysetup-typetree-allocator-block-size=2097152"
    "memorysetup-profiler-bucket-allocator-granularity=16"
    "memorysetup-profiler-bucket-allocator-bucket-count=8"
    "memorysetup-profiler-bucket-allocator-block-size=33554432"
    "memorysetup-profiler-bucket-allocator-block-count=8"
    "memorysetup-profiler-allocator-block-size=16777216"
    "memorysetup-profiler-editor-allocator-block-size=1048576"
    "memorysetup-temp-allocator-size-main=16777216"
    "memorysetup-job-temp-allocator-block-size=2097152"
    "memorysetup-job-temp-allocator-block-size-background=1048576"
    "memorysetup-job-temp-allocator-reduction-small-platforms=262144"
    "memorysetup-temp-allocator-size-background-worker=32768"
    "memorysetup-temp-allocator-size-job-worker=262144"
    "memorysetup-temp-allocator-size-preload-manager=33554432"
    "memorysetup-temp-allocator-size-nav-mesh-worker=65536"
    "memorysetup-temp-allocator-size-audio-worker=65536"
    "memorysetup-temp-allocator-size-cloud-worker=32768"
    "memorysetup-temp-allocator-size-gi-baking-worker=262144"
    "memorysetup-temp-allocator-size-gi-baking-worker=262144"
    "memorysetup-temp-allocator-size-gi-baking-worker=262144"
    "memorysetup-temp-allocator-size-gi-baking-worker=262144"
    "memorysetup-temp-allocator-size-gi-baking-worker=262144"
    "memorysetup-temp-allocator-size-gfx=262144"
Player connection [29216]  Target information:

Player connection [29216]  * "[IP] 192.168.0.178 [Port] 0 [Flags] 2 [Guid] 3058771153 [EditorId] 3058771153 [Version] 1048832 [Id] WindowsEditor(7,XVX-016) [Debug] 1 [PackageName] WindowsEditor [ProjectName] Editor" 

Player connection [29216] Host joined multi-casting on [225.0.0.222:54997]...
Player connection [29216] Host joined alternative multi-casting on [225.0.0.222:34997]...
JobSystem: Creating JobQueue using job-worker-count value 7
Input System module state changed to: Initialized.
[Physics::Module] Initialized fallback backend.
[Physics::Module] Id: 0xdecafbad
[Licensing::Client] Code 10 while verifying Licensing Client signature (process Id: 29712, path: "C:/Program Files/Unity Hub/UnityLicensingClient_V1/Unity.Licensing.Client.exe")
[Licensing::Module] LicensingClient has failed validation; ignoring
[Licensing::Client] Error: HandshakeResponse reported an error:
	ResponseCode: 505
	ResponseStatus: Unsupported protocol version '1.17.2'.
[Licensing::Module] Error: Failed to handshake to channel: "LicenseClient-migue"
[Licensing::IpcConnector] LicenseClient-migue channel disconnected successfully.
[Licensing::IpcConnector] Successfully connected to: "LicenseClient-migue-6000.2.1" at "2025-08-27T07:03:07.1803018Z"
[Licensing::Client] Code 10 while verifying Licensing Client signature (process Id: 12480, path: "C:/Program Files/Unity/Hub/Editor/6000.2.1f1/Editor/Data/Resources/Licensing/Client/Unity.Licensing.Client.exe")
[Licensing::Module] LicensingClient has failed validation; ignoring
[Licensing::Client] Handshaking with LicensingClient:
  Version:                 1.17.2+ff71f16
  Session Id:              0b1a15c6a65a4777bb19701abcd66715
  Correlation Id:          80cef685786567139240bf31e63ec0fd
  External correlation Id: 8700935636498049953
  Machine Id:              7+JgiilEc4HpCi7JaEF0y5WsjhE=
[Licensing::Module] Successfully connected to LicensingClient on channel: "LicenseClient-migue-6000.2.1" (connect: 0.00s, validation: 0.00s, handshake: 0.01s)
[Licensing::IpcConnector] Successfully connected to: "LicenseClient-migue-6000.2.1-notifications" at "2025-08-27T07:03:07.189255Z"
[Licensing::Module] Licensing Background thread has ended after 0.05s
Library Redirect Path: Library/
[Physics::Module] Selected backend.
[Physics::Module] Name: PhysX
[Physics::Module] Id: 0xf2b8ea05
[Physics::Module] SDK Version: 4.1.2
[Physics::Module] Integration Version: 1.0.0
[Physics::Module] Threading Mode: Multi-Threaded
Refreshing native plugins compatible for Editor in 4.12 ms, found 4 plugins.
Preloading 0 native plugins for Editor in 0.00 ms.
Initialize engine version: 6000.2.1f1 (55300504c302)
[Subsystems] Discovering subsystems at path C:/Program Files/Unity/Hub/Editor/6000.2.1f1/Editor/Data/Resources/UnitySubsystems
[Subsystems] Discovering subsystems at path C:/Users/migue/Desktop/Work/Guided Gdev/Tile-Based/ISCS Tile/Assets
GfxDevice: creating device client; kGfxThreadingModeNonThreaded
d3d12: failed to query info queue interface (0x80004002).
Direct3D:
    Version:         Direct3D 12 [level 12.1]
    Renderer:        NVIDIA GeForce RTX 4060 Laptop GPU (ID=0x28e0)
    Vendor:          NVIDIA
    VRAM:            7957 MB
    App VRAM Budget: 7189 MB
    Driver:          32.0.15.6624
Initialize mono
Mono path[0] = 'C:/Program Files/Unity/Hub/Editor/6000.2.1f1/Editor/Data/Managed'
Mono path[1] = 'C:/Program Files/Unity/Hub/Editor/6000.2.1f1/Editor/Data/MonoBleedingEdge/lib/mono/unityjit-win32'
Mono config path = 'C:/Program Files/Unity/Hub/Editor/6000.2.1f1/Editor/Data/MonoBleedingEdge/etc'
Using monoOptions --debugger-agent=transport=dt_socket,embedding=1,server=y,suspend=n,address=127.0.0.1:56976
Begin MonoManager ReloadAssembly
Registering precompiled unity dll's ...
Register platform support module: C:/Program Files/Unity/Hub/Editor/6000.2.1f1/Editor/Data/PlaybackEngines/WindowsStandaloneSupport/UnityEditor.WindowsStandalone.Extensions.dll
Registered in 0.002532 seconds.
- Loaded All Assemblies, in  0.415 seconds
Native extension for WindowsStandalone target not found
Mono: successfully reloaded assembly
- Finished resetting the current domain, in  0.319 seconds
Domain Reload Profiling: 733ms
	BeginReloadAssembly (190ms)
		ExecutionOrderSort (0ms)
		DisableScriptedObjects (0ms)
		BackupInstance (0ms)
		ReleaseScriptingObjects (0ms)
		CreateAndSetChildDomain (1ms)
	RebuildCommonClasses (33ms)
	RebuildNativeTypeToScriptingClass (10ms)
	initialDomainReloadingComplete (49ms)
	LoadAllAssembliesAndSetupDomain (132ms)
		LoadAssemblies (187ms)
		RebuildTransferFunctionScriptingTraits (0ms)
		AnalyzeDomain (129ms)
			TypeCache.Refresh (128ms)
				TypeCache.ScanAssembly (117ms)
			BuildScriptInfoCaches (0ms)
			ResolveRequiredComponents (0ms)
	FinalizeReload (320ms)
		ReleaseScriptCaches (0ms)
		RebuildScriptCaches (0ms)
		SetupLoadedEditorAssemblies (283ms)
			LogAssemblyErrors (0ms)
			InitializePlatformSupportModulesInManaged (40ms)
			SetLoadedEditorAssemblies (4ms)
			BeforeProcessingInitializeOnLoad (54ms)
			ProcessInitializeOnLoadAttributes (136ms)
			ProcessInitializeOnLoadMethodAttributes (47ms)
			AfterProcessingInitializeOnLoad (0ms)
			EditorAssembliesLoaded (0ms)
		ExecutionOrderSort2 (0ms)
		AwakeInstancesAfterBackupRestoration (0ms)
========================================================================
Worker process is ready to serve import requests
Import Worker Mode flag is 0x00
Begin MonoManager ReloadAssembly
[Licensing::Client] Successfully resolved entitlement details
[Licensing::Module] License group:
  Id: 18968322109488-UnityPersXXXX
  Product: Unity Personal
  Type: Assigned
  Expiration: Unlimited
- Loaded All Assemblies, in  0.797 seconds
Refreshing native plugins compatible for Editor in 2.06 ms, found 4 plugins.
Native extension for WindowsStandalone target not found
Package Manager log level set to [2]
[Package Manager] Failed to launch server process. Reason: Unity was launched with the -noUpm command-line argument
[Package Manager] Unable to send message (not connected to server process).
[Package Manager] Cannot connect to Unity Package Manager local server
Mono: successfully reloaded assembly
- Finished resetting the current domain, in  0.703 seconds
Domain Reload Profiling: 1497ms
	BeginReloadAssembly (157ms)
		ExecutionOrderSort (0ms)
		DisableScriptedObjects (7ms)
		BackupInstance (0ms)
		ReleaseScriptingObjects (0ms)
		CreateAndSetChildDomain (32ms)
	RebuildCommonClasses (36ms)
	RebuildNativeTypeToScriptingClass (10ms)
	initialDomainReloadingComplete (35ms)
	LoadAllAssembliesAndSetupDomain (556ms)
		LoadAssemblies (417ms)
		RebuildTransferFunctionScriptingTraits (0ms)
		AnalyzeDomain (224ms)
			TypeCache.Refresh (166ms)
				TypeCache.ScanAssembly (153ms)
			BuildScriptInfoCaches (47ms)
			ResolveRequiredComponents (8ms)
	FinalizeReload (703ms)
		ReleaseScriptCaches (0ms)
		RebuildScriptCaches (0ms)
		SetupLoadedEditorAssemblies (557ms)
			LogAssemblyErrors (0ms)
			InitializePlatformSupportModulesInManaged (1ms)
			SetLoadedEditorAssemblies (5ms)
			BeforeProcessingInitializeOnLoad (109ms)
			ProcessInitializeOnLoadAttributes (322ms)
			ProcessInitializeOnLoadMethodAttributes (114ms)
			AfterProcessingInitializeOnLoad (6ms)
			EditorAssembliesLoaded (0ms)
		ExecutionOrderSort2 (0ms)
		AwakeInstancesAfterBackupRestoration (6ms)
Launched and connected shader compiler UnityShaderCompiler.exe after 0.01 seconds
Refreshing native plugins compatible for Editor in 1.63 ms, found 4 plugins.
Preloading 0 native plugins for Editor in 0.00 ms.
Unloading 37 Unused Serialized files (Serialized files now loaded: 0)
Unloading 6765 unused Assets / (7.6 MB). Loaded Objects now: 7433.
Memory consumption went from 146.6 MB to 139.0 MB.
Total: 11.374300 ms (FindLiveObjects: 0.749200 ms CreateObjectMapping: 0.524200 ms MarkObjects: 5.146600 ms  DeleteObjects: 4.952700 ms)

========================================================================
Received Import Request.
  Time since last request: 658774.613082 seconds.
  path: Assets/Final Sprites/gdev tile spritesheet_2.asset
  artifactKey: Guid(d87713ed337812c4dab0a772ac660e89) Importer(815301076,1909f56bfc062723c751e8b465ee728b)
Start importing Assets/Final Sprites/gdev tile spritesheet_2.asset using Guid(d87713ed337812c4dab0a772ac660e89) Importer(815301076,1909f56bfc062723c751e8b465ee728b) (PreviewImporter) -> (artifact id: '407b62e904a31a396380774c8bf2c2f7') in 0.1367099 seconds
Number of updated asset objects reloaded before import = 0Number of asset objects unloaded after import = 3

========================================================================
Received Import Request.
  Time since last request: 0.000046 seconds.
  path: Assets/Final Sprites/gdev tile spritesheet_33.asset
  artifactKey: Guid(88ba50a6da74f3a45bc4d433655130db) Importer(815301076,1909f56bfc062723c751e8b465ee728b)
Start importing Assets/Final Sprites/gdev tile spritesheet_33.asset using Guid(88ba50a6da74f3a45bc4d433655130db) Importer(815301076,1909f56bfc062723c751e8b465ee728b) (PreviewImporter) -> (artifact id: 'f3d56ae68621ceb9ce28db9b472936fc') in 0.0246529 seconds
Number of updated asset objects reloaded before import = 0Number of asset objects unloaded after import = 3

========================================================================
Received Import Request.
  Time since last request: 0.000049 seconds.
  path: Assets/Final Sprites/gdev tile spritesheet_7.asset
  artifactKey: Guid(d9c1d3c39b79ad747bc6d2ca6bd02c81) Importer(815301076,1909f56bfc062723c751e8b465ee728b)
Start importing Assets/Final Sprites/gdev tile spritesheet_7.asset using Guid(d9c1d3c39b79ad747bc6d2ca6bd02c81) Importer(815301076,1909f56bfc062723c751e8b465ee728b) (PreviewImporter) -> (artifact id: 'f4631d22b6cc3f965ce9f5e346249fac') in 0.0181582 seconds
Number of updated asset objects reloaded before import = 0Number of asset objects unloaded after import = 3

========================================================================
Received Import Request.
  Time since last request: 0.000024 seconds.
  path: Assets/Final Sprites/gdev tile spritesheet_13.asset
  artifactKey: Guid(4dc7e27b97f08094881e360acdd6e23d) Importer(815301076,1909f56bfc062723c751e8b465ee728b)
Start importing Assets/Final Sprites/gdev tile spritesheet_13.asset using Guid(4dc7e27b97f08094881e360acdd6e23d) Importer(815301076,1909f56bfc062723c751e8b465ee728b) (PreviewImporter) -> (artifact id: 'f95140be10742c522bd1be15fb830f10') in 0.020864 seconds
Number of updated asset objects reloaded before import = 0Number of asset objects unloaded after import = 3

========================================================================
Received Import Request.
  Time since last request: 0.000030 seconds.
  path: Assets/Final Sprites/gdev tile spritesheet_8.asset
  artifactKey: Guid(2af2d303a06da1449b06274adfb9c8fe) Importer(815301076,1909f56bfc062723c751e8b465ee728b)
Start importing Assets/Final Sprites/gdev tile spritesheet_8.asset using Guid(2af2d303a06da1449b06274adfb9c8fe) Importer(815301076,1909f56bfc062723c751e8b465ee728b) (PreviewImporter) -> (artifact id: '222a68553b580673f7390d204048d079') in 0.0247736 seconds
Number of updated asset objects reloaded before import = 0Number of asset objects unloaded after import = 3

========================================================================
Received Import Request.
  Time since last request: 0.000027 seconds.
  path: Assets/Final Sprites/gdev tile spritesheet_12.asset
  artifactKey: Guid(7e6f5eddd08ad1c479cb9470732c3909) Importer(815301076,1909f56bfc062723c751e8b465ee728b)
Start importing Assets/Final Sprites/gdev tile spritesheet_12.asset using Guid(7e6f5eddd08ad1c479cb9470732c3909) Importer(815301076,1909f56bfc062723c751e8b465ee728b) (PreviewImporter) -> (artifact id: 'f99d2d113e1db4553d429ec182c3a77c') in 0.0159727 seconds
Number of updated asset objects reloaded before import = 0Number of asset objects unloaded after import = 3

========================================================================
Received Import Request.
  Time since last request: 0.000029 seconds.
  path: Assets/Final Sprites/gdev tile spritesheet_35.asset
  artifactKey: Guid(37eb1ebf8b22d3b41a5f99eff883a805) Importer(815301076,1909f56bfc062723c751e8b465ee728b)
Start importing Assets/Final Sprites/gdev tile spritesheet_35.asset using Guid(37eb1ebf8b22d3b41a5f99eff883a805) Importer(815301076,1909f56bfc062723c751e8b465ee728b) (PreviewImporter) -> (artifact id: '69dfd321e8b060530ea437ec0a2df465') in 0.0186625 seconds
Number of updated asset objects reloaded before import = 0Number of asset objects unloaded after import = 3

========================================================================
Received Import Request.
  Time since last request: 0.000029 seconds.
  path: Assets/Final Sprites/gdev tile spritesheet_18.asset
  artifactKey: Guid(77563919f094bdb4dbc6a89d8ae470f2) Importer(815301076,1909f56bfc062723c751e8b465ee728b)
Start importing Assets/Final Sprites/gdev tile spritesheet_18.asset using Guid(77563919f094bdb4dbc6a89d8ae470f2) Importer(815301076,1909f56bfc062723c751e8b465ee728b) (PreviewImporter) -> (artifact id: 'e281a8fb58c6f36987694fe14e900ad0') in 0.0316878 seconds
Number of updated asset objects reloaded before import = 0Number of asset objects unloaded after import = 3

========================================================================
Received Import Request.
  Time since last request: 0.000018 seconds.
  path: Assets/Final Sprites/gdev tile spritesheet_43.asset
  artifactKey: Guid(29532d9eca3956e44818d4745964b70c) Importer(815301076,1909f56bfc062723c751e8b465ee728b)
Start importing Assets/Final Sprites/gdev tile spritesheet_43.asset using Guid(29532d9eca3956e44818d4745964b70c) Importer(815301076,1909f56bfc062723c751e8b465ee728b) (PreviewImporter) -> (artifact id: 'ded4bdfe1a87780fcb424c2d15f3d63a') in 0.0151457 seconds
Number of updated asset objects reloaded before import = 0Number of asset objects unloaded after import = 3

========================================================================
Received Import Request.
  Time since last request: 0.000023 seconds.
  path: Assets/Final Sprites/gdev tile spritesheet_41.asset
  artifactKey: Guid(0afbbff2e556e3d4988ed9269cde18b4) Importer(815301076,1909f56bfc062723c751e8b465ee728b)
Start importing Assets/Final Sprites/gdev tile spritesheet_41.asset using Guid(0afbbff2e556e3d4988ed9269cde18b4) Importer(815301076,1909f56bfc062723c751e8b465ee728b) (PreviewImporter) -> (artifact id: 'ce22ab0fabfb688c49cc06623d23c857') in 0.0168308 seconds
Number of updated asset objects reloaded before import = 0Number of asset objects unloaded after import = 3

========================================================================
Received Import Request.
  Time since last request: 0.000023 seconds.
  path: Assets/Final Sprites/gdev tile spritesheet_19.asset
  artifactKey: Guid(769cd2f3094c1b344ae2e4988423b8cd) Importer(815301076,1909f56bfc062723c751e8b465ee728b)
Start importing Assets/Final Sprites/gdev tile spritesheet_19.asset using Guid(769cd2f3094c1b344ae2e4988423b8cd) Importer(815301076,1909f56bfc062723c751e8b465ee728b) (PreviewImporter) -> (artifact id: '2f764143faa0c72acaeff44def50c892') in 0.0188496 seconds
Number of updated asset objects reloaded before import = 0Number of asset objects unloaded after import = 3

========================================================================
Received Import Request.
  Time since last request: 0.000029 seconds.
  path: Assets/Final Sprites/gdev tile spritesheet_11.asset
  artifactKey: Guid(e3c453db289f59b4e84c2443a3f7f816) Importer(815301076,1909f56bfc062723c751e8b465ee728b)
Start importing Assets/Final Sprites/gdev tile spritesheet_11.asset using Guid(e3c453db289f59b4e84c2443a3f7f816) Importer(815301076,1909f56bfc062723c751e8b465ee728b) (PreviewImporter) -> (artifact id: '9bfb204e5113d313d01d1639e471b251') in 0.0314245 seconds
Number of updated asset objects reloaded before import = 0Number of asset objects unloaded after import = 3

========================================================================
Received Import Request.
  Time since last request: 0.000037 seconds.
  path: Assets/Final Sprites/gdev tile spritesheet_39.asset
  artifactKey: Guid(b261ace3519c4284094d5fb247f44e97) Importer(815301076,1909f56bfc062723c751e8b465ee728b)
Start importing Assets/Final Sprites/gdev tile spritesheet_39.asset using Guid(b261ace3519c4284094d5fb247f44e97) Importer(815301076,1909f56bfc062723c751e8b465ee728b) (PreviewImporter) -> (artifact id: '6b50f80eeab79015ce04fec5980f6b22') in 0.0216972 seconds
Number of updated asset objects reloaded before import = 0Number of asset objects unloaded after import = 3

========================================================================
Received Import Request.
  Time since last request: 0.000022 seconds.
  path: Assets/Final Sprites/gdev tile spritesheet_28.asset
  artifactKey: Guid(50cc923a559d4c94f80570d474c98a6c) Importer(815301076,1909f56bfc062723c751e8b465ee728b)
Start importing Assets/Final Sprites/gdev tile spritesheet_28.asset using Guid(50cc923a559d4c94f80570d474c98a6c) Importer(815301076,1909f56bfc062723c751e8b465ee728b) (PreviewImporter) -> (artifact id: 'd5a6bea203d412446e88a62adbdb7d06') in 0.0209393 seconds
Number of updated asset objects reloaded before import = 0Number of asset objects unloaded after import = 3

========================================================================
Received Import Request.
  Time since last request: 0.000044 seconds.
  path: Assets/Final Sprites/gdev tile spritesheet_4.asset
  artifactKey: Guid(685f667fd08b09d4da44cb64deb6ef97) Importer(815301076,1909f56bfc062723c751e8b465ee728b)
Start importing Assets/Final Sprites/gdev tile spritesheet_4.asset using Guid(685f667fd08b09d4da44cb64deb6ef97) Importer(815301076,1909f56bfc062723c751e8b465ee728b) (PreviewImporter) -> (artifact id: '27594ffa869f249d0191115f8dda7b8c') in 0.0179844 seconds
Number of updated asset objects reloaded before import = 0Number of asset objects unloaded after import = 3

========================================================================
Received Import Request.
  Time since last request: 0.000031 seconds.
  path: Assets/Final Sprites/gdev tile spritesheet_47.asset
  artifactKey: Guid(77911b0edf3639c48bb5ac9932ba153f) Importer(815301076,1909f56bfc062723c751e8b465ee728b)
Start importing Assets/Final Sprites/gdev tile spritesheet_47.asset using Guid(77911b0edf3639c48bb5ac9932ba153f) Importer(815301076,1909f56bfc062723c751e8b465ee728b) (PreviewImporter) -> (artifact id: '49d52e9352f796050f3c85f91fc0ed94') in 0.019821 seconds
Number of updated asset objects reloaded before import = 0Number of asset objects unloaded after import = 3

========================================================================
Received Import Request.
  Time since last request: 0.000037 seconds.
  path: Assets/Final Sprites/gdev tile spritesheet_32.asset
  artifactKey: Guid(fd1cd36c0adb47449934dec303fa38f8) Importer(815301076,1909f56bfc062723c751e8b465ee728b)
Start importing Assets/Final Sprites/gdev tile spritesheet_32.asset using Guid(fd1cd36c0adb47449934dec303fa38f8) Importer(815301076,1909f56bfc062723c751e8b465ee728b) (PreviewImporter) -> (artifact id: '6eca448b0b5151fe155e9b57cc8cdbb4') in 0.021101 seconds
Number of updated asset objects reloaded before import = 0Number of asset objects unloaded after import = 3

========================================================================
Received Import Request.
  Time since last request: 0.000019 seconds.
  path: Assets/Final Sprites/gdev tile spritesheet_22.asset
  artifactKey: Guid(89e3682055cc4b945b3c1f8bcfea2ab1) Importer(815301076,1909f56bfc062723c751e8b465ee728b)
Start importing Assets/Final Sprites/gdev tile spritesheet_22.asset using Guid(89e3682055cc4b945b3c1f8bcfea2ab1) Importer(815301076,1909f56bfc062723c751e8b465ee728b) (PreviewImporter) -> (artifact id: '4852753291d2447a3e1419c3253d4b03') in 0.0212736 seconds
Number of updated asset objects reloaded before import = 0Number of asset objects unloaded after import = 3

========================================================================
Received Import Request.
  Time since last request: 0.000024 seconds.
  path: Assets/Final Sprites/gdev tile spritesheet_38.asset
  artifactKey: Guid(a8dfc033af9ec92479217f26e63a1246) Importer(815301076,1909f56bfc062723c751e8b465ee728b)
Start importing Assets/Final Sprites/gdev tile spritesheet_38.asset using Guid(a8dfc033af9ec92479217f26e63a1246) Importer(815301076,1909f56bfc062723c751e8b465ee728b) (PreviewImporter) -> (artifact id: 'eedc2a11925e58428bc17b799ec2bd50') in 0.021315 seconds
Number of updated asset objects reloaded before import = 0Number of asset objects unloaded after import = 3

========================================================================
Received Import Request.
  Time since last request: 0.000026 seconds.
  path: Assets/Final Sprites/gdev tile spritesheet_37.asset
  artifactKey: Guid(80e9ed7489311a44b97c2e68794f518e) Importer(815301076,1909f56bfc062723c751e8b465ee728b)
Start importing Assets/Final Sprites/gdev tile spritesheet_37.asset using Guid(80e9ed7489311a44b97c2e68794f518e) Importer(815301076,1909f56bfc062723c751e8b465ee728b) (PreviewImporter) -> (artifact id: '1f1a23939aaf8ec5bdbd95e3a048cd58') in 0.0197281 seconds
Number of updated asset objects reloaded before import = 0Number of asset objects unloaded after import = 3

========================================================================
Received Import Request.
  Time since last request: 0.000033 seconds.
  path: Assets/Final Sprites/gdev tile spritesheet_20.asset
  artifactKey: Guid(f3781bee6c4f9724fb25fcb0ad90fcbf) Importer(815301076,1909f56bfc062723c751e8b465ee728b)
Start importing Assets/Final Sprites/gdev tile spritesheet_20.asset using Guid(f3781bee6c4f9724fb25fcb0ad90fcbf) Importer(815301076,1909f56bfc062723c751e8b465ee728b) (PreviewImporter) -> (artifact id: '522c3b50dc3616c0d131ec637fdf3847') in 0.0177396 seconds
Number of updated asset objects reloaded before import = 0Number of asset objects unloaded after import = 3

========================================================================
Received Import Request.
  Time since last request: 0.000019 seconds.
  path: Assets/Final Sprites/gdev tile spritesheet_6.asset
  artifactKey: Guid(28996d65b96773f4a8a308fb1e057492) Importer(815301076,1909f56bfc062723c751e8b465ee728b)
Start importing Assets/Final Sprites/gdev tile spritesheet_6.asset using Guid(28996d65b96773f4a8a308fb1e057492) Importer(815301076,1909f56bfc062723c751e8b465ee728b) (PreviewImporter) -> (artifact id: '3fa9af4033a5e6d8764b7d646c735e58') in 0.0178972 seconds
Number of updated asset objects reloaded before import = 0Number of asset objects unloaded after import = 3

========================================================================
Received Import Request.
  Time since last request: 0.000033 seconds.
  path: Assets/Final Sprites/gdev tile spritesheet_34.asset
  artifactKey: Guid(73a848e17ea037544b4daa7e5e29d468) Importer(815301076,1909f56bfc062723c751e8b465ee728b)
Start importing Assets/Final Sprites/gdev tile spritesheet_34.asset using Guid(73a848e17ea037544b4daa7e5e29d468) Importer(815301076,1909f56bfc062723c751e8b465ee728b) (PreviewImporter) -> (artifact id: '48ca771b0fc9835562df24c640c4c237') in 0.0218269 seconds
Number of updated asset objects reloaded before import = 0Number of asset objects unloaded after import = 3

========================================================================
Received Import Request.
  Time since last request: 0.000025 seconds.
  path: Assets/Final Sprites/gdev tile spritesheet_42.asset
  artifactKey: Guid(2ae01de03d289da4d9c8fb6f40934849) Importer(815301076,1909f56bfc062723c751e8b465ee728b)
Start importing Assets/Final Sprites/gdev tile spritesheet_42.asset using Guid(2ae01de03d289da4d9c8fb6f40934849) Importer(815301076,1909f56bfc062723c751e8b465ee728b) (PreviewImporter) -> (artifact id: '71f7ab5099008040adf894c3d33fb9e6') in 0.0221126 seconds
Number of updated asset objects reloaded before import = 0Number of asset objects unloaded after import = 3

========================================================================
Received Import Request.
  Time since last request: 6.303349 seconds.
  path: Assets/Conveyors/gdev tile spritesheet_87.asset
  artifactKey: Guid(44df743d4c63a824385693be9e68247c) Importer(815301076,1909f56bfc062723c751e8b465ee728b)
Start importing Assets/Conveyors/gdev tile spritesheet_87.asset using Guid(44df743d4c63a824385693be9e68247c) Importer(815301076,1909f56bfc062723c751e8b465ee728b) (PreviewImporter) -> (artifact id: 'fd2554eed771b310899cc6cec7c525d4') in 0.0213702 seconds
Number of updated asset objects reloaded before import = 0Number of asset objects unloaded after import = 3

========================================================================
Received Import Request.
  Time since last request: 0.000029 seconds.
  path: Assets/Conveyors/gdev tile spritesheet_91.asset
  artifactKey: Guid(c591f014a2d0ade4c8eb4190ac86b88e) Importer(815301076,1909f56bfc062723c751e8b465ee728b)
Start importing Assets/Conveyors/gdev tile spritesheet_91.asset using Guid(c591f014a2d0ade4c8eb4190ac86b88e) Importer(815301076,1909f56bfc062723c751e8b465ee728b) (PreviewImporter) -> (artifact id: 'ecfecb2682a5afb7dd78540fd50908aa') in 0.0208987 seconds
Number of updated asset objects reloaded before import = 0Number of asset objects unloaded after import = 3

========================================================================
Received Import Request.
  Time since last request: 0.000027 seconds.
  path: Assets/Conveyors/gdev tile spritesheet_90.asset
  artifactKey: Guid(5b0ad3605c2e0504bb026516bff95e6e) Importer(815301076,1909f56bfc062723c751e8b465ee728b)
Start importing Assets/Conveyors/gdev tile spritesheet_90.asset using Guid(5b0ad3605c2e0504bb026516bff95e6e) Importer(815301076,1909f56bfc062723c751e8b465ee728b) (PreviewImporter) -> (artifact id: '8b8d95222e4113315f728a41ff560cc1') in 0.0068948 seconds
Number of updated asset objects reloaded before import = 0Number of asset objects unloaded after import = 3

========================================================================
Received Import Request.
  Time since last request: 0.000020 seconds.
  path: Assets/Conveyors/gdev tile spritesheet_93.asset
  artifactKey: Guid(5cfd1aae434589f49ae0117500a1f7df) Importer(815301076,1909f56bfc062723c751e8b465ee728b)
Start importing Assets/Conveyors/gdev tile spritesheet_93.asset using Guid(5cfd1aae434589f49ae0117500a1f7df) Importer(815301076,1909f56bfc062723c751e8b465ee728b) (PreviewImporter) -> (artifact id: '4e70ad901cbddc7d2d2aa22e7b00070b') in 0.0065076 seconds
Number of updated asset objects reloaded before import = 0Number of asset objects unloaded after import = 3

========================================================================
Received Import Request.
  Time since last request: 4.060508 seconds.
  path: Assets/Floor/gdev tile spritesheet_8.asset
  artifactKey: Guid(0a62ae9565323ed419101deaee0e9765) Importer(815301076,1909f56bfc062723c751e8b465ee728b)
Start importing Assets/Floor/gdev tile spritesheet_8.asset using Guid(0a62ae9565323ed419101deaee0e9765) Importer(815301076,1909f56bfc062723c751e8b465ee728b) (PreviewImporter) -> (artifact id: '96d652b11cddd7a0076f30c7b43d8795') in 0.0072606 seconds
Number of updated asset objects reloaded before import = 0Number of asset objects unloaded after import = 3

========================================================================
Received Import Request.
  Time since last request: 0.000024 seconds.
  path: Assets/Floor/gdev tile spritesheet_47.asset
  artifactKey: Guid(c3d87d7470475cc4c803b461a0f2b4e9) Importer(815301076,1909f56bfc062723c751e8b465ee728b)
Start importing Assets/Floor/gdev tile spritesheet_47.asset using Guid(c3d87d7470475cc4c803b461a0f2b4e9) Importer(815301076,1909f56bfc062723c751e8b465ee728b) (PreviewImporter) -> (artifact id: 'acba85e9c7cd7c4d8927e650a5979fcc') in 0.0182892 seconds
Number of updated asset objects reloaded before import = 0Number of asset objects unloaded after import = 3

========================================================================
Received Import Request.
  Time since last request: 0.000023 seconds.
  path: Assets/Floor/gdev tile spritesheet_32.asset
  artifactKey: Guid(b70febdf353e95d4781e6b6eb6401cc2) Importer(815301076,1909f56bfc062723c751e8b465ee728b)
Start importing Assets/Floor/gdev tile spritesheet_32.asset using Guid(b70febdf353e95d4781e6b6eb6401cc2) Importer(815301076,1909f56bfc062723c751e8b465ee728b) (PreviewImporter) -> (artifact id: '99c4e3405c50d60384ae1a17c68c3b86') in 0.0079 seconds
Number of updated asset objects reloaded before import = 0Number of asset objects unloaded after import = 3

========================================================================
Received Import Request.
  Time since last request: 0.000020 seconds.
  path: Assets/Floor/gdev tile spritesheet_41.asset
  artifactKey: Guid(a7470837031656c4fa00b27ee934b3bb) Importer(815301076,1909f56bfc062723c751e8b465ee728b)
Start importing Assets/Floor/gdev tile spritesheet_41.asset using Guid(a7470837031656c4fa00b27ee934b3bb) Importer(815301076,1909f56bfc062723c751e8b465ee728b) (PreviewImporter) -> (artifact id: '9b51e1ab1ca385d3edd18651d0e970e2') in 0.0068304 seconds
Number of updated asset objects reloaded before import = 0Number of asset objects unloaded after import = 3

========================================================================
Received Import Request.
  Time since last request: 0.000027 seconds.
  path: Assets/Floor/gdev tile spritesheet_39.asset
  artifactKey: Guid(9052f7ad76abba44bb3ad6827bcf1ca3) Importer(815301076,1909f56bfc062723c751e8b465ee728b)
Start importing Assets/Floor/gdev tile spritesheet_39.asset using Guid(9052f7ad76abba44bb3ad6827bcf1ca3) Importer(815301076,1909f56bfc062723c751e8b465ee728b) (PreviewImporter) -> (artifact id: 'ba7a047acf54c879c5540ecad21f9ad7') in 0.0059113 seconds
Number of updated asset objects reloaded before import = 0Number of asset objects unloaded after import = 3

========================================================================
Received Import Request.
  Time since last request: 0.000022 seconds.
  path: Assets/Floor/gdev tile spritesheet_15.asset
  artifactKey: Guid(909fe885f97659b45b4152a26aab1046) Importer(815301076,1909f56bfc062723c751e8b465ee728b)
Start importing Assets/Floor/gdev tile spritesheet_15.asset using Guid(909fe885f97659b45b4152a26aab1046) Importer(815301076,1909f56bfc062723c751e8b465ee728b) (PreviewImporter) -> (artifact id: '633b2ccaf6b3a61917bacdd14120807b') in 0.006496 seconds
Number of updated asset objects reloaded before import = 0Number of asset objects unloaded after import = 3

========================================================================
Received Import Request.
  Time since last request: 0.000019 seconds.
  path: Assets/Floor/gdev tile spritesheet_38.asset
  artifactKey: Guid(31394f9d4b07c4f4f80777993504b53c) Importer(815301076,1909f56bfc062723c751e8b465ee728b)
Start importing Assets/Floor/gdev tile spritesheet_38.asset using Guid(31394f9d4b07c4f4f80777993504b53c) Importer(815301076,1909f56bfc062723c751e8b465ee728b) (PreviewImporter) -> (artifact id: '58f25a9c018d9b2328f4362e9f7c849f') in 0.0060525 seconds
Number of updated asset objects reloaded before import = 0Number of asset objects unloaded after import = 3

========================================================================
Received Import Request.
  Time since last request: 4.277884 seconds.
  path: Assets/Player Sprites/gdev tile spritesheet_54.asset
  artifactKey: Guid(65f748c0f49ae8f4da947961762cb571) Importer(815301076,1909f56bfc062723c751e8b465ee728b)
Start importing Assets/Player Sprites/gdev tile spritesheet_54.asset using Guid(65f748c0f49ae8f4da947961762cb571) Importer(815301076,1909f56bfc062723c751e8b465ee728b) (PreviewImporter) -> (artifact id: 'a8dbd723ff4367e6774b95000138fd91') in 0.0192841 seconds
Number of updated asset objects reloaded before import = 0Number of asset objects unloaded after import = 3

========================================================================
Received Import Request.
  Time since last request: 0.000016 seconds.
  path: Assets/Player Sprites/gdev tile spritesheet_83.asset
  artifactKey: Guid(273b2405ae7e0a54a9d136d0e6951318) Importer(815301076,1909f56bfc062723c751e8b465ee728b)
Start importing Assets/Player Sprites/gdev tile spritesheet_83.asset using Guid(273b2405ae7e0a54a9d136d0e6951318) Importer(815301076,1909f56bfc062723c751e8b465ee728b) (PreviewImporter) -> (artifact id: '19c9e8559ce0c083cffae287acb4ae99') in 0.0085272 seconds
Number of updated asset objects reloaded before import = 0Number of asset objects unloaded after import = 3

========================================================================
Received Import Request.
  Time since last request: 0.000022 seconds.
  path: Assets/Player Sprites/gdev tile spritesheet_79.asset
  artifactKey: Guid(85451a51974bd024193d21fe85d455d3) Importer(815301076,1909f56bfc062723c751e8b465ee728b)
Start importing Assets/Player Sprites/gdev tile spritesheet_79.asset using Guid(85451a51974bd024193d21fe85d455d3) Importer(815301076,1909f56bfc062723c751e8b465ee728b) (PreviewImporter) -> (artifact id: 'ab92885b1aab73c9fea72230ebe01505') in 0.0069634 seconds
Number of updated asset objects reloaded before import = 0Number of asset objects unloaded after import = 3

========================================================================
Received Import Request.
  Time since last request: 0.000027 seconds.
  path: Assets/Player Sprites/gdev tile spritesheet_80.asset
  artifactKey: Guid(d133262d7a5e6b942aeb3184c1c58825) Importer(815301076,1909f56bfc062723c751e8b465ee728b)
Start importing Assets/Player Sprites/gdev tile spritesheet_80.asset using Guid(d133262d7a5e6b942aeb3184c1c58825) Importer(815301076,1909f56bfc062723c751e8b465ee728b) (PreviewImporter) -> (artifact id: '88cf6cb7268102ae772c0b8b3683a3ae') in 0.0079134 seconds
Number of updated asset objects reloaded before import = 0Number of asset objects unloaded after import = 3

========================================================================
Received Import Request.
  Time since last request: 0.000026 seconds.
  path: Assets/Player Sprites/gdev tile spritesheet_73.asset
  artifactKey: Guid(92313ff59dadbd5488350547cf56844a) Importer(815301076,1909f56bfc062723c751e8b465ee728b)
Start importing Assets/Player Sprites/gdev tile spritesheet_73.asset using Guid(92313ff59dadbd5488350547cf56844a) Importer(815301076,1909f56bfc062723c751e8b465ee728b) (PreviewImporter) -> (artifact id: 'ce2778ec951bb60f11dec964903b4ba1') in 0.0182502 seconds
Number of updated asset objects reloaded before import = 0Number of asset objects unloaded after import = 3

Editor requested this worker to shutdown with reason: Scaling down because of idle timeout
AssetImportWorker is now disconnected from the server
Process exiting
Exiting without the bug reporter. Application will terminate with return code 0