[Licensing::Module] Trying to connect to existing licensing client channel...
[Licensing::IpcConnector] Successfully connected to: "LicenseClient-migue" at "2025-08-27T06:58:50.1306597Z"
Built from '6000.2/staging' branch; Version is '6000.2.1f1 (55300504c302) revision 5582853'; Using compiler version '194234433'; Build Type 'Release'
OS: 'Windows 11  (10.0.26100) 64bit Core' Language: 'en' Physical Memory: 15674 MB
BatchMode: 1, IsHumanControllingUs: 0, StartBugReporterOnCrash: 0, Is64bit: 1
Date: 2025-08-27T06:58:50Z

COMMAND LINE ARGUMENTS:
C:\Program Files\Unity\Hub\Editor\6000.2.1f1\Editor\Unity.exe
-adb2
-batchMode
-noUpm
-name
AssetImportWorker4
-projectPath
C:/Users/migue/Desktop/Work/Guided Gdev/Tile-Based/ISCS Tile
-logFile
Logs/AssetImportWorker4.log
-srvPort
55185
-licensingIpc
LicenseClient-migue
-job-worker-count
7
-background-job-worker-count
8
-gc-helper-count
1
-name
AssetImport
Successfully changed project path to: C:/Users/migue/Desktop/Work/Guided Gdev/Tile-Based/ISCS Tile
C:/Users/migue/Desktop/Work/Guided Gdev/Tile-Based/ISCS Tile
[UnityMemory] Configuration Parameters - Can be set up in boot.config
    "memorysetup-allocator-temp-initial-block-size-main=262144"
    "memorysetup-allocator-temp-initial-block-size-worker=262144"
    "memorysetup-bucket-allocator-granularity=16"
    "memorysetup-bucket-allocator-bucket-count=8"
    "memorysetup-bucket-allocator-block-size=33554432"
    "memorysetup-bucket-allocator-block-count=8"
    "memorysetup-main-allocator-block-size=16777216"
    "memorysetup-thread-allocator-block-size=16777216"
    "memorysetup-gfx-main-allocator-block-size=16777216"
    "memorysetup-gfx-thread-allocator-block-size=16777216"
    "memorysetup-cache-allocator-block-size=4194304"
    "memorysetup-typetree-allocator-block-size=2097152"
    "memorysetup-profiler-bucket-allocator-granularity=16"
    "memorysetup-profiler-bucket-allocator-bucket-count=8"
    "memorysetup-profiler-bucket-allocator-block-size=33554432"
    "memorysetup-profiler-bucket-allocator-block-count=8"
    "memorysetup-profiler-allocator-block-size=16777216"
    "memorysetup-profiler-editor-allocator-block-size=1048576"
    "memorysetup-temp-allocator-size-main=16777216"
    "memorysetup-job-temp-allocator-block-size=2097152"
    "memorysetup-job-temp-allocator-block-size-background=1048576"
    "memorysetup-job-temp-allocator-reduction-small-platforms=262144"
    "memorysetup-temp-allocator-size-background-worker=32768"
    "memorysetup-temp-allocator-size-job-worker=262144"
    "memorysetup-temp-allocator-size-preload-manager=33554432"
    "memorysetup-temp-allocator-size-nav-mesh-worker=65536"
    "memorysetup-temp-allocator-size-audio-worker=65536"
    "memorysetup-temp-allocator-size-cloud-worker=32768"
    "memorysetup-temp-allocator-size-gi-baking-worker=262144"
    "memorysetup-temp-allocator-size-gi-baking-worker=262144"
    "memorysetup-temp-allocator-size-gi-baking-worker=262144"
    "memorysetup-temp-allocator-size-gi-baking-worker=262144"
    "memorysetup-temp-allocator-size-gi-baking-worker=262144"
    "memorysetup-temp-allocator-size-gfx=262144"
Player connection [12268]  Target information:

Player connection [12268]  * "[IP] 192.168.0.178 [Port] 0 [Flags] 2 [Guid] 1200772612 [EditorId] 1200772612 [Version] 1048832 [Id] WindowsEditor(7,XVX-016) [Debug] 1 [PackageName] WindowsEditor [ProjectName] Editor" 

Player connection [12268] Host joined multi-casting on [225.0.0.222:54997]...
Player connection [12268] Host joined alternative multi-casting on [225.0.0.222:34997]...
JobSystem: Creating JobQueue using job-worker-count value 7
Input System module state changed to: Initialized.
[Physics::Module] Initialized fallback backend.
[Physics::Module] Id: 0xdecafbad
[Licensing::Client] Code 10 while verifying Licensing Client signature (process Id: 29712, path: "C:/Program Files/Unity Hub/UnityLicensingClient_V1/Unity.Licensing.Client.exe")
[Licensing::Module] LicensingClient has failed validation; ignoring
[Licensing::Client] Error: HandshakeResponse reported an error:
	ResponseCode: 505
	ResponseStatus: Unsupported protocol version '1.17.2'.
[Licensing::Module] Error: Failed to handshake to channel: "LicenseClient-migue"
[Licensing::IpcConnector] LicenseClient-migue channel disconnected successfully.
[Licensing::IpcConnector] Successfully connected to: "LicenseClient-migue-6000.2.1" at "2025-08-27T06:58:50.1688983Z"
[Licensing::Client] Code 10 while verifying Licensing Client signature (process Id: 12480, path: "C:/Program Files/Unity/Hub/Editor/6000.2.1f1/Editor/Data/Resources/Licensing/Client/Unity.Licensing.Client.exe")
[Licensing::Module] LicensingClient has failed validation; ignoring
[Licensing::Client] Handshaking with LicensingClient:
  Version:                 1.17.2+ff71f16
  Session Id:              022c4565d80a47228cceacc0f0413d6c
  Correlation Id:          80cef685786567139240bf31e63ec0fd
  External correlation Id: 2546619769497991570
  Machine Id:              7+JgiilEc4HpCi7JaEF0y5WsjhE=
[Licensing::Module] Successfully connected to LicensingClient on channel: "LicenseClient-migue-6000.2.1" (connect: 0.00s, validation: 0.00s, handshake: 0.01s)
[Licensing::IpcConnector] Successfully connected to: "LicenseClient-migue-6000.2.1-notifications" at "2025-08-27T06:58:50.1775263Z"
[Licensing::Module] Licensing Background thread has ended after 0.05s
Library Redirect Path: Library/
[Physics::Module] Selected backend.
[Physics::Module] Name: PhysX
[Physics::Module] Id: 0xf2b8ea05
[Physics::Module] SDK Version: 4.1.2
[Physics::Module] Integration Version: 1.0.0
[Physics::Module] Threading Mode: Multi-Threaded
Refreshing native plugins compatible for Editor in 3.39 ms, found 4 plugins.
Preloading 0 native plugins for Editor in 0.00 ms.
Initialize engine version: 6000.2.1f1 (55300504c302)
[Subsystems] Discovering subsystems at path C:/Program Files/Unity/Hub/Editor/6000.2.1f1/Editor/Data/Resources/UnitySubsystems
[Subsystems] Discovering subsystems at path C:/Users/migue/Desktop/Work/Guided Gdev/Tile-Based/ISCS Tile/Assets
GfxDevice: creating device client; kGfxThreadingModeNonThreaded
d3d12: failed to query info queue interface (0x80004002).
Direct3D:
    Version:         Direct3D 12 [level 12.1]
    Renderer:        NVIDIA GeForce RTX 4060 Laptop GPU (ID=0x28e0)
    Vendor:          NVIDIA
    VRAM:            7957 MB
    App VRAM Budget: 7189 MB
    Driver:          32.0.15.6624
Initialize mono
Mono path[0] = 'C:/Program Files/Unity/Hub/Editor/6000.2.1f1/Editor/Data/Managed'
Mono path[1] = 'C:/Program Files/Unity/Hub/Editor/6000.2.1f1/Editor/Data/MonoBleedingEdge/lib/mono/unityjit-win32'
Mono config path = 'C:/Program Files/Unity/Hub/Editor/6000.2.1f1/Editor/Data/MonoBleedingEdge/etc'
Using monoOptions --debugger-agent=transport=dt_socket,embedding=1,server=y,suspend=n,address=127.0.0.1:56464
Begin MonoManager ReloadAssembly
Registering precompiled unity dll's ...
Register platform support module: C:/Program Files/Unity/Hub/Editor/6000.2.1f1/Editor/Data/PlaybackEngines/WindowsStandaloneSupport/UnityEditor.WindowsStandalone.Extensions.dll
Registered in 0.001671 seconds.
- Loaded All Assemblies, in  0.451 seconds
Native extension for WindowsStandalone target not found
Mono: successfully reloaded assembly
- Finished resetting the current domain, in  0.340 seconds
Domain Reload Profiling: 789ms
	BeginReloadAssembly (228ms)
		ExecutionOrderSort (0ms)
		DisableScriptedObjects (0ms)
		BackupInstance (0ms)
		ReleaseScriptingObjects (0ms)
		CreateAndSetChildDomain (1ms)
	RebuildCommonClasses (31ms)
	RebuildNativeTypeToScriptingClass (9ms)
	initialDomainReloadingComplete (46ms)
	LoadAllAssembliesAndSetupDomain (135ms)
		LoadAssemblies (225ms)
		RebuildTransferFunctionScriptingTraits (0ms)
		AnalyzeDomain (132ms)
			TypeCache.Refresh (131ms)
				TypeCache.ScanAssembly (119ms)
			BuildScriptInfoCaches (0ms)
			ResolveRequiredComponents (0ms)
	FinalizeReload (340ms)
		ReleaseScriptCaches (0ms)
		RebuildScriptCaches (0ms)
		SetupLoadedEditorAssemblies (289ms)
			LogAssemblyErrors (0ms)
			InitializePlatformSupportModulesInManaged (42ms)
			SetLoadedEditorAssemblies (3ms)
			BeforeProcessingInitializeOnLoad (61ms)
			ProcessInitializeOnLoadAttributes (131ms)
			ProcessInitializeOnLoadMethodAttributes (52ms)
			AfterProcessingInitializeOnLoad (0ms)
			EditorAssembliesLoaded (0ms)
		ExecutionOrderSort2 (0ms)
		AwakeInstancesAfterBackupRestoration (0ms)
========================================================================
Worker process is ready to serve import requests
Import Worker Mode flag is 0x00
Begin MonoManager ReloadAssembly
[Licensing::Client] Successfully resolved entitlement details
[Licensing::Module] License group:
  Id: 18968322109488-UnityPersXXXX
  Product: Unity Personal
  Type: Assigned
  Expiration: Unlimited
- Loaded All Assemblies, in  0.779 seconds
Refreshing native plugins compatible for Editor in 1.23 ms, found 4 plugins.
Native extension for WindowsStandalone target not found
Package Manager log level set to [2]
[Package Manager] Failed to launch server process. Reason: Unity was launched with the -noUpm command-line argument
[Package Manager] Unable to send message (not connected to server process).
[Package Manager] Cannot connect to Unity Package Manager local server
Mono: successfully reloaded assembly
- Finished resetting the current domain, in  0.694 seconds
Domain Reload Profiling: 1468ms
	BeginReloadAssembly (164ms)
		ExecutionOrderSort (0ms)
		DisableScriptedObjects (5ms)
		BackupInstance (0ms)
		ReleaseScriptingObjects (0ms)
		CreateAndSetChildDomain (36ms)
	RebuildCommonClasses (37ms)
	RebuildNativeTypeToScriptingClass (9ms)
	initialDomainReloadingComplete (33ms)
	LoadAllAssembliesAndSetupDomain (532ms)
		LoadAssemblies (399ms)
		RebuildTransferFunctionScriptingTraits (0ms)
		AnalyzeDomain (220ms)
			TypeCache.Refresh (166ms)
				TypeCache.ScanAssembly (152ms)
			BuildScriptInfoCaches (44ms)
			ResolveRequiredComponents (7ms)
	FinalizeReload (694ms)
		ReleaseScriptCaches (0ms)
		RebuildScriptCaches (0ms)
		SetupLoadedEditorAssemblies (554ms)
			LogAssemblyErrors (0ms)
			InitializePlatformSupportModulesInManaged (1ms)
			SetLoadedEditorAssemblies (6ms)
			BeforeProcessingInitializeOnLoad (113ms)
			ProcessInitializeOnLoadAttributes (328ms)
			ProcessInitializeOnLoadMethodAttributes (100ms)
			AfterProcessingInitializeOnLoad (5ms)
			EditorAssembliesLoaded (0ms)
		ExecutionOrderSort2 (0ms)
		AwakeInstancesAfterBackupRestoration (6ms)
Launched and connected shader compiler UnityShaderCompiler.exe after 0.01 seconds
Refreshing native plugins compatible for Editor in 1.61 ms, found 4 plugins.
Preloading 0 native plugins for Editor in 0.00 ms.
Unloading 37 Unused Serialized files (Serialized files now loaded: 0)
Unloading 6765 unused Assets / (6.6 MB). Loaded Objects now: 7433.
Memory consumption went from 146.4 MB to 139.8 MB.
Total: 9.645900 ms (FindLiveObjects: 0.768900 ms CreateObjectMapping: 0.657800 ms MarkObjects: 4.850000 ms  DeleteObjects: 3.368000 ms)

========================================================================
Received Import Request.
  Time since last request: 658399.700723 seconds.
  path: Assets/Final Sprites/SLide
  artifactKey: Guid(38e28d60183237d4eb874965d9ef724e) Importer(815301076,1909f56bfc062723c751e8b465ee728b)
Start importing Assets/Final Sprites/SLide using Guid(38e28d60183237d4eb874965d9ef724e) Importer(815301076,1909f56bfc062723c751e8b465ee728b) (PreviewImporter) -> (artifact id: 'ca03700b31cfc32e69f549f5b0bc824a') in 0.0341265 seconds
Number of updated asset objects reloaded before import = 0Number of asset objects unloaded after import = 0

========================================================================
Received Import Request.
  Time since last request: 4.524372 seconds.
  path: Assets/Final Sprites/Slide
  artifactKey: Guid(38e28d60183237d4eb874965d9ef724e) Importer(815301076,1909f56bfc062723c751e8b465ee728b)
Start importing Assets/Final Sprites/Slide using Guid(38e28d60183237d4eb874965d9ef724e) Importer(815301076,1909f56bfc062723c751e8b465ee728b) (PreviewImporter) -> (artifact id: 'c9a0409e895b68848cf98166b6deb780') in 0.0005622 seconds
Number of updated asset objects reloaded before import = 0Number of asset objects unloaded after import = 0

========================================================================
Received Import Request.
  Time since last request: 8.326860 seconds.
  path: Assets/Final Sprites/Slide/gdev tile spritesheet_0.asset
  artifactKey: Guid(f14ba29283404074fb18b348bcf9ec74) Importer(815301076,1909f56bfc062723c751e8b465ee728b)
Start importing Assets/Final Sprites/Slide/gdev tile spritesheet_0.asset using Guid(f14ba29283404074fb18b348bcf9ec74) Importer(815301076,1909f56bfc062723c751e8b465ee728b) (PreviewImporter) -> (artifact id: 'dbc73cabe29d3e447595476c099b3d29') in 0.0764792 seconds
Number of updated asset objects reloaded before import = 0Number of asset objects unloaded after import = 3

========================================================================
Received Import Request.
  Time since last request: 0.000055 seconds.
  path: Assets/Final Sprites/Slide/gdev tile spritesheet_30.asset
  artifactKey: Guid(0e77be58302fc3d4fb92d5f1700a08ca) Importer(815301076,1909f56bfc062723c751e8b465ee728b)
Start importing Assets/Final Sprites/Slide/gdev tile spritesheet_30.asset using Guid(0e77be58302fc3d4fb92d5f1700a08ca) Importer(815301076,1909f56bfc062723c751e8b465ee728b) (PreviewImporter) -> (artifact id: 'acc1f825c970bff093928ac6b7358b5b') in 0.0108605 seconds
Number of updated asset objects reloaded before import = 0Number of asset objects unloaded after import = 3

========================================================================
Received Import Request.
  Time since last request: 0.000027 seconds.
  path: Assets/Final Sprites/Slide/gdev tile spritesheet_29.asset
  artifactKey: Guid(76a311abf91869c4f961b14c596b3e54) Importer(815301076,1909f56bfc062723c751e8b465ee728b)
Start importing Assets/Final Sprites/Slide/gdev tile spritesheet_29.asset using Guid(76a311abf91869c4f961b14c596b3e54) Importer(815301076,1909f56bfc062723c751e8b465ee728b) (PreviewImporter) -> (artifact id: 'a56e6b48e12da5c101d5ac3123c52497') in 0.0112006 seconds
Number of updated asset objects reloaded before import = 0Number of asset objects unloaded after import = 3

========================================================================
Received Import Request.
  Time since last request: 0.000040 seconds.
  path: Assets/Final Sprites/Slide/gdev tile spritesheet_38.asset
  artifactKey: Guid(0f057554ea1d23f4eae2d1af6d7f4c98) Importer(815301076,1909f56bfc062723c751e8b465ee728b)
Start importing Assets/Final Sprites/Slide/gdev tile spritesheet_38.asset using Guid(0f057554ea1d23f4eae2d1af6d7f4c98) Importer(815301076,1909f56bfc062723c751e8b465ee728b) (PreviewImporter) -> (artifact id: '43d582c848da1778776ca0333aa2a294') in 0.0136485 seconds
Number of updated asset objects reloaded before import = 0Number of asset objects unloaded after import = 3

========================================================================
Received Import Request.
  Time since last request: 0.000036 seconds.
  path: Assets/Final Sprites/Slide/gdev tile spritesheet_31.asset
  artifactKey: Guid(370bfa4a1d70a614cad5c3574b478433) Importer(815301076,1909f56bfc062723c751e8b465ee728b)
Start importing Assets/Final Sprites/Slide/gdev tile spritesheet_31.asset using Guid(370bfa4a1d70a614cad5c3574b478433) Importer(815301076,1909f56bfc062723c751e8b465ee728b) (PreviewImporter) -> (artifact id: '7c81e30fa80b690809e1712093fcdb28') in 0.0096184 seconds
Number of updated asset objects reloaded before import = 0Number of asset objects unloaded after import = 3

========================================================================
Received Import Request.
  Time since last request: 0.000021 seconds.
  path: Assets/Final Sprites/Slide/gdev tile spritesheet_48.asset
  artifactKey: Guid(7e108d7112f8dab4d88134334cda23f3) Importer(815301076,1909f56bfc062723c751e8b465ee728b)
Start importing Assets/Final Sprites/Slide/gdev tile spritesheet_48.asset using Guid(7e108d7112f8dab4d88134334cda23f3) Importer(815301076,1909f56bfc062723c751e8b465ee728b) (PreviewImporter) -> (artifact id: '675ec81170857694cdcf2b3ee11337c7') in 0.0090898 seconds
Number of updated asset objects reloaded before import = 0Number of asset objects unloaded after import = 3

========================================================================
Received Import Request.
  Time since last request: 31.375760 seconds.
  path: Assets/Final Sprites/Slide/gdev tile spritesheet_5.asset
  artifactKey: Guid(e4f6fd033f32f35459ce6aec84f26fed) Importer(815301076,1909f56bfc062723c751e8b465ee728b)
Start importing Assets/Final Sprites/Slide/gdev tile spritesheet_5.asset using Guid(e4f6fd033f32f35459ce6aec84f26fed) Importer(815301076,1909f56bfc062723c751e8b465ee728b) (PreviewImporter) -> (artifact id: '0264a1e255663c5de3bcd7f3e9bd9e27') in 0.024737 seconds
Number of updated asset objects reloaded before import = 0Number of asset objects unloaded after import = 3

========================================================================
Received Import Request.
  Time since last request: 39.337843 seconds.
  path: Assets/Tile Info/Conveyor_Down.asset
  artifactKey: Guid(fcdc475c9d10a8b45824625e7a89fc45) Importer(815301076,1909f56bfc062723c751e8b465ee728b)
Start importing Assets/Tile Info/Conveyor_Down.asset using Guid(fcdc475c9d10a8b45824625e7a89fc45) Importer(815301076,1909f56bfc062723c751e8b465ee728b) (PreviewImporter) -> (artifact id: '125991f5174eacbfb5882605f7450d8e') in 0.0069557 seconds
Number of updated asset objects reloaded before import = 0Number of asset objects unloaded after import = 1

========================================================================
Received Import Request.
  Time since last request: 125.566616 seconds.
  path: Assets/Borders
  artifactKey: Guid(eecd68a5baa3e3a4d9d64f26d28d1269) Importer(815301076,1909f56bfc062723c751e8b465ee728b)
Start importing Assets/Borders using Guid(eecd68a5baa3e3a4d9d64f26d28d1269) Importer(815301076,1909f56bfc062723c751e8b465ee728b) (PreviewImporter) -> (artifact id: '02e155c1a99800fd4bd11de0132ec135') in 0.0011584 seconds
Number of updated asset objects reloaded before import = 0Number of asset objects unloaded after import = 0

========================================================================
Received Import Request.
  Time since last request: 31.672588 seconds.
  path: Assets/Tile Info/Floor.asset
  artifactKey: Guid(a53705ef6e9a7004ea669df30f596b20) Importer(815301076,1909f56bfc062723c751e8b465ee728b)
Start importing Assets/Tile Info/Floor.asset using Guid(a53705ef6e9a7004ea669df30f596b20) Importer(815301076,1909f56bfc062723c751e8b465ee728b) (PreviewImporter) -> (artifact id: '09642701445e85c18fc019b4224f598c') in 0.002678 seconds
Number of updated asset objects reloaded before import = 0Number of asset objects unloaded after import = 1

========================================================================
Received Import Request.
  Time since last request: 9.738086 seconds.
  path: Assets/Borders/gdev tile spritesheet_1.asset
  artifactKey: Guid(ec10c65ca2ed20f4497bc92606ae86f1) Importer(815301076,1909f56bfc062723c751e8b465ee728b)
Start importing Assets/Borders/gdev tile spritesheet_1.asset using Guid(ec10c65ca2ed20f4497bc92606ae86f1) Importer(815301076,1909f56bfc062723c751e8b465ee728b) (PreviewImporter) -> (artifact id: 'c98c300e3a3c00f3083c31fc58443992') in 0.0206287 seconds
Number of updated asset objects reloaded before import = 0Number of asset objects unloaded after import = 3

========================================================================
Received Import Request.
  Time since last request: 0.000025 seconds.
  path: Assets/Borders/gdev tile spritesheet_60.asset
  artifactKey: Guid(a27211b82c4f2d34187432721cbc07fb) Importer(815301076,1909f56bfc062723c751e8b465ee728b)
Start importing Assets/Borders/gdev tile spritesheet_60.asset using Guid(a27211b82c4f2d34187432721cbc07fb) Importer(815301076,1909f56bfc062723c751e8b465ee728b) (PreviewImporter) -> (artifact id: 'c4863df54aa04f9a7790fa7f82bc5eb8') in 0.0082764 seconds
Number of updated asset objects reloaded before import = 0Number of asset objects unloaded after import = 3

========================================================================
Received Import Request.
  Time since last request: 0.000028 seconds.
  path: Assets/Borders/gdev tile spritesheet_12.asset
  artifactKey: Guid(25672036f6abc07479c5c6f825107946) Importer(815301076,1909f56bfc062723c751e8b465ee728b)
Start importing Assets/Borders/gdev tile spritesheet_12.asset using Guid(25672036f6abc07479c5c6f825107946) Importer(815301076,1909f56bfc062723c751e8b465ee728b) (PreviewImporter) -> (artifact id: '138f135a531896d70f708137c191519e') in 0.0085826 seconds
Number of updated asset objects reloaded before import = 0Number of asset objects unloaded after import = 3

========================================================================
Received Import Request.
  Time since last request: 0.000077 seconds.
  path: Assets/Borders/gdev tile spritesheet_76.asset
  artifactKey: Guid(5be039d4c07cdc84f96b3362a5e75400) Importer(815301076,1909f56bfc062723c751e8b465ee728b)
Start importing Assets/Borders/gdev tile spritesheet_76.asset using Guid(5be039d4c07cdc84f96b3362a5e75400) Importer(815301076,1909f56bfc062723c751e8b465ee728b) (PreviewImporter) -> (artifact id: 'c7ec02c91bc26d2d8e77bee7eb6f1c16') in 0.0094865 seconds
Number of updated asset objects reloaded before import = 0Number of asset objects unloaded after import = 3

========================================================================
Received Import Request.
  Time since last request: 0.000027 seconds.
  path: Assets/Borders/gdev tile spritesheet_78.asset
  artifactKey: Guid(164777dc5d578f144bc4030cf9f1ab0b) Importer(815301076,1909f56bfc062723c751e8b465ee728b)
Start importing Assets/Borders/gdev tile spritesheet_78.asset using Guid(164777dc5d578f144bc4030cf9f1ab0b) Importer(815301076,1909f56bfc062723c751e8b465ee728b) (PreviewImporter) -> (artifact id: '7f6016500a7a3d23a7fb7be1a7b91f76') in 0.0153743 seconds
Number of updated asset objects reloaded before import = 0Number of asset objects unloaded after import = 3

========================================================================
Received Import Request.
  Time since last request: 0.000021 seconds.
  path: Assets/Borders/gdev tile spritesheet_57.asset
  artifactKey: Guid(d06fc333050a4b64d81267c92582d6ae) Importer(815301076,1909f56bfc062723c751e8b465ee728b)
Start importing Assets/Borders/gdev tile spritesheet_57.asset using Guid(d06fc333050a4b64d81267c92582d6ae) Importer(815301076,1909f56bfc062723c751e8b465ee728b) (PreviewImporter) -> (artifact id: '6abbd837948912c581464d0bd165ae41') in 0.0083297 seconds
Number of updated asset objects reloaded before import = 0Number of asset objects unloaded after import = 3

========================================================================
Received Import Request.
  Time since last request: 0.000029 seconds.
  path: Assets/Borders/gdev tile spritesheet_11.asset
  artifactKey: Guid(16fe3105be6f38242aca10cc0e0f888c) Importer(815301076,1909f56bfc062723c751e8b465ee728b)
Start importing Assets/Borders/gdev tile spritesheet_11.asset using Guid(16fe3105be6f38242aca10cc0e0f888c) Importer(815301076,1909f56bfc062723c751e8b465ee728b) (PreviewImporter) -> (artifact id: '049f29adef545de5977fd28fadf3ce1a') in 0.0087896 seconds
Number of updated asset objects reloaded before import = 0Number of asset objects unloaded after import = 3

========================================================================
Received Import Request.
  Time since last request: 0.000025 seconds.
  path: Assets/Borders/gdev tile spritesheet_9.asset
  artifactKey: Guid(1c6ee7c7263d9e44794989452a0903c1) Importer(815301076,1909f56bfc062723c751e8b465ee728b)
Start importing Assets/Borders/gdev tile spritesheet_9.asset using Guid(1c6ee7c7263d9e44794989452a0903c1) Importer(815301076,1909f56bfc062723c751e8b465ee728b) (PreviewImporter) -> (artifact id: 'c04060fc718ab25e4425c20ca4c098f6') in 0.0085193 seconds
Number of updated asset objects reloaded before import = 0Number of asset objects unloaded after import = 3

========================================================================
Received Import Request.
  Time since last request: 0.000039 seconds.
  path: Assets/Borders/gdev tile spritesheet_77.asset
  artifactKey: Guid(591468d8aca479344aa838fe56cf258b) Importer(815301076,1909f56bfc062723c751e8b465ee728b)
Start importing Assets/Borders/gdev tile spritesheet_77.asset using Guid(591468d8aca479344aa838fe56cf258b) Importer(815301076,1909f56bfc062723c751e8b465ee728b) (PreviewImporter) -> (artifact id: '92dca61c6be2a5c12ab7b91a48eaf538') in 0.0070043 seconds
Number of updated asset objects reloaded before import = 0Number of asset objects unloaded after import = 3

========================================================================
Received Import Request.
  Time since last request: 0.000037 seconds.
  path: Assets/Borders/gdev tile spritesheet_23.asset
  artifactKey: Guid(d16e3076330a75849b3c0419e81724df) Importer(815301076,1909f56bfc062723c751e8b465ee728b)
Start importing Assets/Borders/gdev tile spritesheet_23.asset using Guid(d16e3076330a75849b3c0419e81724df) Importer(815301076,1909f56bfc062723c751e8b465ee728b) (PreviewImporter) -> (artifact id: 'ffc533315fc947f46de5197f2900bfa5') in 0.0083242 seconds
Number of updated asset objects reloaded before import = 0Number of asset objects unloaded after import = 3

========================================================================
Received Import Request.
  Time since last request: 0.000028 seconds.
  path: Assets/Borders/gdev tile spritesheet_22.asset
  artifactKey: Guid(3f26f9649a13e694fbb5f3f33d1147e3) Importer(815301076,1909f56bfc062723c751e8b465ee728b)
Start importing Assets/Borders/gdev tile spritesheet_22.asset using Guid(3f26f9649a13e694fbb5f3f33d1147e3) Importer(815301076,1909f56bfc062723c751e8b465ee728b) (PreviewImporter) -> (artifact id: '7644fb9e54a004197f92f0db19e57305') in 0.0134126 seconds
Number of updated asset objects reloaded before import = 0Number of asset objects unloaded after import = 3

========================================================================
Received Import Request.
  Time since last request: 0.000019 seconds.
  path: Assets/Borders/gdev tile spritesheet_69.asset
  artifactKey: Guid(e97d4cbc4cab2554cadbe777fe74e4cb) Importer(815301076,1909f56bfc062723c751e8b465ee728b)
Start importing Assets/Borders/gdev tile spritesheet_69.asset using Guid(e97d4cbc4cab2554cadbe777fe74e4cb) Importer(815301076,1909f56bfc062723c751e8b465ee728b) (PreviewImporter) -> (artifact id: 'ac36f4c9acfa9fe8b12469b94c5408b1') in 0.0079979 seconds
Number of updated asset objects reloaded before import = 0Number of asset objects unloaded after import = 3

========================================================================
Received Import Request.
  Time since last request: 0.000018 seconds.
  path: Assets/Borders/gdev tile spritesheet_21.asset
  artifactKey: Guid(2ed2df16606498c4a82db033d411fae7) Importer(815301076,1909f56bfc062723c751e8b465ee728b)
Start importing Assets/Borders/gdev tile spritesheet_21.asset using Guid(2ed2df16606498c4a82db033d411fae7) Importer(815301076,1909f56bfc062723c751e8b465ee728b) (PreviewImporter) -> (artifact id: '6a8913b411ba005760af589f2548ff2a') in 0.0181744 seconds
Number of updated asset objects reloaded before import = 0Number of asset objects unloaded after import = 3

========================================================================
Received Import Request.
  Time since last request: 0.000038 seconds.
  path: Assets/Borders/gdev tile spritesheet_20.asset
  artifactKey: Guid(ccc4d7e5be26c834bbdfc69e5b428bac) Importer(815301076,1909f56bfc062723c751e8b465ee728b)
Start importing Assets/Borders/gdev tile spritesheet_20.asset using Guid(ccc4d7e5be26c834bbdfc69e5b428bac) Importer(815301076,1909f56bfc062723c751e8b465ee728b) (PreviewImporter) -> (artifact id: '5713d8da8d752555889652c092ec88c5') in 0.0080109 seconds
Number of updated asset objects reloaded before import = 0Number of asset objects unloaded after import = 3

Editor requested this worker to shutdown with reason: Scaling down because of idle timeout
AssetImportWorker is now disconnected from the server
Process exiting
Exiting without the bug reporter. Application will terminate with return code 0