[Licensing::Module] Trying to connect to existing licensing client channel...
Built from '6000.2/staging' branch; Version is '6000.2.1f1 (55300504c302) revision 5582853'; Using compiler version '194234433'; Build Type 'Release'
[Licensing::IpcConnector] Successfully connected to: "LicenseClient-migue" at "2025-08-27T07:03:07.1488841Z"
OS: 'Windows 11  (10.0.26100) 64bit Core' Language: 'en' Physical Memory: 15674 MB
BatchMode: 1, IsHumanControllingUs: 0, StartBugReporterOnCrash: 0, Is64bit: 1
Date: 2025-08-27T07:03:07Z

COMMAND LINE ARGUMENTS:
C:\Program Files\Unity\Hub\Editor\6000.2.1f1\Editor\Unity.exe
-adb2
-batchMode
-noUpm
-name
AssetImportWorker6
-projectPath
C:/Users/migue/Desktop/Work/Guided Gdev/Tile-Based/ISCS Tile
-logFile
Logs/AssetImportWorker6.log
-srvPort
55185
-licensingIpc
LicenseClient-migue
-job-worker-count
7
-background-job-worker-count
8
-gc-helper-count
1
-name
AssetImport
Successfully changed project path to: C:/Users/migue/Desktop/Work/Guided Gdev/Tile-Based/ISCS Tile
C:/Users/migue/Desktop/Work/Guided Gdev/Tile-Based/ISCS Tile
[UnityMemory] Configuration Parameters - Can be set up in boot.config
    "memorysetup-allocator-temp-initial-block-size-main=262144"
    "memorysetup-allocator-temp-initial-block-size-worker=262144"
    "memorysetup-bucket-allocator-granularity=16"
    "memorysetup-bucket-allocator-bucket-count=8"
    "memorysetup-bucket-allocator-block-size=33554432"
    "memorysetup-bucket-allocator-block-count=8"
    "memorysetup-main-allocator-block-size=16777216"
    "memorysetup-thread-allocator-block-size=16777216"
    "memorysetup-gfx-main-allocator-block-size=16777216"
    "memorysetup-gfx-thread-allocator-block-size=16777216"
    "memorysetup-cache-allocator-block-size=4194304"
    "memorysetup-typetree-allocator-block-size=2097152"
    "memorysetup-profiler-bucket-allocator-granularity=16"
    "memorysetup-profiler-bucket-allocator-bucket-count=8"
    "memorysetup-profiler-bucket-allocator-block-size=33554432"
    "memorysetup-profiler-bucket-allocator-block-count=8"
    "memorysetup-profiler-allocator-block-size=16777216"
    "memorysetup-profiler-editor-allocator-block-size=1048576"
    "memorysetup-temp-allocator-size-main=16777216"
    "memorysetup-job-temp-allocator-block-size=2097152"
    "memorysetup-job-temp-allocator-block-size-background=1048576"
    "memorysetup-job-temp-allocator-reduction-small-platforms=262144"
    "memorysetup-temp-allocator-size-background-worker=32768"
    "memorysetup-temp-allocator-size-job-worker=262144"
    "memorysetup-temp-allocator-size-preload-manager=33554432"
    "memorysetup-temp-allocator-size-nav-mesh-worker=65536"
    "memorysetup-temp-allocator-size-audio-worker=65536"
    "memorysetup-temp-allocator-size-cloud-worker=32768"
    "memorysetup-temp-allocator-size-gi-baking-worker=262144"
    "memorysetup-temp-allocator-size-gi-baking-worker=262144"
    "memorysetup-temp-allocator-size-gi-baking-worker=262144"
    "memorysetup-temp-allocator-size-gi-baking-worker=262144"
    "memorysetup-temp-allocator-size-gi-baking-worker=262144"
    "memorysetup-temp-allocator-size-gfx=262144"
Player connection [29376]  Target information:

Player connection [29376]  * "[IP] 192.168.0.178 [Port] 0 [Flags] 2 [Guid] 4021834372 [EditorId] 4021834372 [Version] 1048832 [Id] WindowsEditor(7,XVX-016) [Debug] 1 [PackageName] WindowsEditor [ProjectName] Editor" 

Player connection [29376] Host joined multi-casting on [225.0.0.222:54997]...
Player connection [29376] Host joined alternative multi-casting on [225.0.0.222:34997]...
JobSystem: Creating JobQueue using job-worker-count value 7
Input System module state changed to: Initialized.
[Physics::Module] Initialized fallback backend.
[Physics::Module] Id: 0xdecafbad
[Licensing::Client] Code 10 while verifying Licensing Client signature (process Id: 29712, path: "C:/Program Files/Unity Hub/UnityLicensingClient_V1/Unity.Licensing.Client.exe")
[Licensing::Module] LicensingClient has failed validation; ignoring
[Licensing::Client] Error: HandshakeResponse reported an error:
	ResponseCode: 505
	ResponseStatus: Unsupported protocol version '1.17.2'.
[Licensing::Module] Error: Failed to handshake to channel: "LicenseClient-migue"
[Licensing::IpcConnector] LicenseClient-migue channel disconnected successfully.
[Licensing::IpcConnector] Successfully connected to: "LicenseClient-migue-6000.2.1" at "2025-08-27T07:03:07.2035624Z"
[Licensing::Client] Code 10 while verifying Licensing Client signature (process Id: 12480, path: "C:/Program Files/Unity/Hub/Editor/6000.2.1f1/Editor/Data/Resources/Licensing/Client/Unity.Licensing.Client.exe")
[Licensing::Module] LicensingClient has failed validation; ignoring
[Licensing::Client] Handshaking with LicensingClient:
  Version:                 1.17.2+ff71f16
  Session Id:              98fc851551c440acbfb6ba9c2aa390ad
  Correlation Id:          80cef685786567139240bf31e63ec0fd
  External correlation Id: 1458156575094927754
  Machine Id:              7+JgiilEc4HpCi7JaEF0y5WsjhE=
[Licensing::Module] Successfully connected to LicensingClient on channel: "LicenseClient-migue-6000.2.1" (connect: 0.00s, validation: 0.00s, handshake: 0.01s)
[Licensing::IpcConnector] Successfully connected to: "LicenseClient-migue-6000.2.1-notifications" at "2025-08-27T07:03:07.2131202Z"
[Licensing::Module] Licensing Background thread has ended after 0.06s
Library Redirect Path: Library/
[Physics::Module] Selected backend.
[Physics::Module] Name: PhysX
[Physics::Module] Id: 0xf2b8ea05
[Physics::Module] SDK Version: 4.1.2
[Physics::Module] Integration Version: 1.0.0
[Physics::Module] Threading Mode: Multi-Threaded
Refreshing native plugins compatible for Editor in 3.92 ms, found 4 plugins.
Preloading 0 native plugins for Editor in 0.00 ms.
Initialize engine version: 6000.2.1f1 (55300504c302)
[Subsystems] Discovering subsystems at path C:/Program Files/Unity/Hub/Editor/6000.2.1f1/Editor/Data/Resources/UnitySubsystems
[Subsystems] Discovering subsystems at path C:/Users/migue/Desktop/Work/Guided Gdev/Tile-Based/ISCS Tile/Assets
GfxDevice: creating device client; kGfxThreadingModeNonThreaded
d3d12: failed to query info queue interface (0x80004002).
Direct3D:
    Version:         Direct3D 12 [level 12.1]
    Renderer:        NVIDIA GeForce RTX 4060 Laptop GPU (ID=0x28e0)
    Vendor:          NVIDIA
    VRAM:            7957 MB
    App VRAM Budget: 7189 MB
    Driver:          32.0.15.6624
Initialize mono
Mono path[0] = 'C:/Program Files/Unity/Hub/Editor/6000.2.1f1/Editor/Data/Managed'
Mono path[1] = 'C:/Program Files/Unity/Hub/Editor/6000.2.1f1/Editor/Data/MonoBleedingEdge/lib/mono/unityjit-win32'
Mono config path = 'C:/Program Files/Unity/Hub/Editor/6000.2.1f1/Editor/Data/MonoBleedingEdge/etc'
Using monoOptions --debugger-agent=transport=dt_socket,embedding=1,server=y,suspend=n,address=127.0.0.1:56972
Begin MonoManager ReloadAssembly
Registering precompiled unity dll's ...
Register platform support module: C:/Program Files/Unity/Hub/Editor/6000.2.1f1/Editor/Data/PlaybackEngines/WindowsStandaloneSupport/UnityEditor.WindowsStandalone.Extensions.dll
Registered in 0.003644 seconds.
- Loaded All Assemblies, in  0.393 seconds
Native extension for WindowsStandalone target not found
Mono: successfully reloaded assembly
- Finished resetting the current domain, in  0.320 seconds
Domain Reload Profiling: 712ms
	BeginReloadAssembly (168ms)
		ExecutionOrderSort (0ms)
		DisableScriptedObjects (0ms)
		BackupInstance (0ms)
		ReleaseScriptingObjects (0ms)
		CreateAndSetChildDomain (1ms)
	RebuildCommonClasses (33ms)
	RebuildNativeTypeToScriptingClass (10ms)
	initialDomainReloadingComplete (50ms)
	LoadAllAssembliesAndSetupDomain (131ms)
		LoadAssemblies (164ms)
		RebuildTransferFunctionScriptingTraits (0ms)
		AnalyzeDomain (128ms)
			TypeCache.Refresh (127ms)
				TypeCache.ScanAssembly (115ms)
			BuildScriptInfoCaches (0ms)
			ResolveRequiredComponents (0ms)
	FinalizeReload (321ms)
		ReleaseScriptCaches (0ms)
		RebuildScriptCaches (0ms)
		SetupLoadedEditorAssemblies (283ms)
			LogAssemblyErrors (0ms)
			InitializePlatformSupportModulesInManaged (40ms)
			SetLoadedEditorAssemblies (5ms)
			BeforeProcessingInitializeOnLoad (53ms)
			ProcessInitializeOnLoadAttributes (141ms)
			ProcessInitializeOnLoadMethodAttributes (43ms)
			AfterProcessingInitializeOnLoad (0ms)
			EditorAssembliesLoaded (0ms)
		ExecutionOrderSort2 (0ms)
		AwakeInstancesAfterBackupRestoration (0ms)
========================================================================
Worker process is ready to serve import requests
Import Worker Mode flag is 0x00
Begin MonoManager ReloadAssembly
[Licensing::Client] Successfully resolved entitlement details
[Licensing::Module] License group:
  Id: 18968322109488-UnityPersXXXX
  Product: Unity Personal
  Type: Assigned
  Expiration: Unlimited
- Loaded All Assemblies, in  0.808 seconds
Refreshing native plugins compatible for Editor in 1.27 ms, found 4 plugins.
Native extension for WindowsStandalone target not found
Package Manager log level set to [2]
[Package Manager] Failed to launch server process. Reason: Unity was launched with the -noUpm command-line argument
[Package Manager] Unable to send message (not connected to server process).
[Package Manager] Cannot connect to Unity Package Manager local server
Mono: successfully reloaded assembly
- Finished resetting the current domain, in  0.700 seconds
Domain Reload Profiling: 1504ms
	BeginReloadAssembly (161ms)
		ExecutionOrderSort (0ms)
		DisableScriptedObjects (6ms)
		BackupInstance (0ms)
		ReleaseScriptingObjects (0ms)
		CreateAndSetChildDomain (31ms)
	RebuildCommonClasses (36ms)
	RebuildNativeTypeToScriptingClass (9ms)
	initialDomainReloadingComplete (35ms)
	LoadAllAssembliesAndSetupDomain (563ms)
		LoadAssemblies (425ms)
		RebuildTransferFunctionScriptingTraits (0ms)
		AnalyzeDomain (224ms)
			TypeCache.Refresh (166ms)
				TypeCache.ScanAssembly (152ms)
			BuildScriptInfoCaches (46ms)
			ResolveRequiredComponents (8ms)
	FinalizeReload (701ms)
		ReleaseScriptCaches (0ms)
		RebuildScriptCaches (0ms)
		SetupLoadedEditorAssemblies (557ms)
			LogAssemblyErrors (0ms)
			InitializePlatformSupportModulesInManaged (1ms)
			SetLoadedEditorAssemblies (4ms)
			BeforeProcessingInitializeOnLoad (109ms)
			ProcessInitializeOnLoadAttributes (321ms)
			ProcessInitializeOnLoadMethodAttributes (115ms)
			AfterProcessingInitializeOnLoad (6ms)
			EditorAssembliesLoaded (0ms)
		ExecutionOrderSort2 (0ms)
		AwakeInstancesAfterBackupRestoration (5ms)
Launched and connected shader compiler UnityShaderCompiler.exe after 0.01 seconds
Refreshing native plugins compatible for Editor in 1.92 ms, found 4 plugins.
Preloading 0 native plugins for Editor in 0.00 ms.
Unloading 37 Unused Serialized files (Serialized files now loaded: 0)
Unloading 6765 unused Assets / (6.7 MB). Loaded Objects now: 7433.
Memory consumption went from 146.5 MB to 139.8 MB.
Total: 9.220900 ms (FindLiveObjects: 1.003300 ms CreateObjectMapping: 0.463000 ms MarkObjects: 4.364800 ms  DeleteObjects: 3.388800 ms)

========================================================================
Received Import Request.
  Time since last request: 658758.999624 seconds.
  path: Assets/Final Sprites/Tile Sprites Base.prefab
  artifactKey: Guid(738501e5ffa42294482cc3e80d4a82a6) Importer(815301076,1909f56bfc062723c751e8b465ee728b)
Start importing Assets/Final Sprites/Tile Sprites Base.prefab using Guid(738501e5ffa42294482cc3e80d4a82a6) Importer(815301076,1909f56bfc062723c751e8b465ee728b) (PreviewImporter) -> (artifact id: '316ac57212477f3112d9cb479262684c') in 0.5223299 seconds
Number of updated asset objects reloaded before import = 0Number of asset objects unloaded after import = 10

========================================================================
Received Import Request.
  Time since last request: 5.144795 seconds.
  path: Assets/Final Sprites/Tile Sprites Base.prefab
  artifactKey: Guid(738501e5ffa42294482cc3e80d4a82a6) Importer(815301076,1909f56bfc062723c751e8b465ee728b)
Start importing Assets/Final Sprites/Tile Sprites Base.prefab using Guid(738501e5ffa42294482cc3e80d4a82a6) Importer(815301076,1909f56bfc062723c751e8b465ee728b) (PreviewImporter) -> (artifact id: '359a7126262140b0fdd7211908aae5ea') in 0.0300829 seconds
Number of updated asset objects reloaded before import = 0Number of asset objects unloaded after import = 10

========================================================================
Received Import Request.
  Time since last request: 9.818867 seconds.
  path: Assets/Final Sprites/gdev tile spritesheet_1.asset
  artifactKey: Guid(dadf29485cbb9b3488bdfa227f7946df) Importer(815301076,1909f56bfc062723c751e8b465ee728b)
Start importing Assets/Final Sprites/gdev tile spritesheet_1.asset using Guid(dadf29485cbb9b3488bdfa227f7946df) Importer(815301076,1909f56bfc062723c751e8b465ee728b) (PreviewImporter) -> (artifact id: 'e9a9c415644e506cf3559eaec5f74c97') in 0.03276 seconds
Number of updated asset objects reloaded before import = 0Number of asset objects unloaded after import = 3

========================================================================
Received Import Request.
  Time since last request: 0.000037 seconds.
  path: Assets/Final Sprites/gdev tile spritesheet_15.asset
  artifactKey: Guid(4aad3198a89caad4aaa162130a7b4b0d) Importer(815301076,1909f56bfc062723c751e8b465ee728b)
Start importing Assets/Final Sprites/gdev tile spritesheet_15.asset using Guid(4aad3198a89caad4aaa162130a7b4b0d) Importer(815301076,1909f56bfc062723c751e8b465ee728b) (PreviewImporter) -> (artifact id: 'ce77014f8dad6435218d99cd5e866346') in 0.0252573 seconds
Number of updated asset objects reloaded before import = 0Number of asset objects unloaded after import = 3

========================================================================
Received Import Request.
  Time since last request: 0.000039 seconds.
  path: Assets/Final Sprites/gdev tile spritesheet_29.asset
  artifactKey: Guid(fbc5ce0bbb33d694487f6b11fa624459) Importer(815301076,1909f56bfc062723c751e8b465ee728b)
Start importing Assets/Final Sprites/gdev tile spritesheet_29.asset using Guid(fbc5ce0bbb33d694487f6b11fa624459) Importer(815301076,1909f56bfc062723c751e8b465ee728b) (PreviewImporter) -> (artifact id: '496256f7e419b2019b1b6e6cbdd2824c') in 0.0412805 seconds
Number of updated asset objects reloaded before import = 0Number of asset objects unloaded after import = 3

========================================================================
Received Import Request.
  Time since last request: 0.000100 seconds.
  path: Assets/Final Sprites/gdev tile spritesheet_26.asset
  artifactKey: Guid(ff5cfd9dbb048f3428b801072b817dca) Importer(815301076,1909f56bfc062723c751e8b465ee728b)
Start importing Assets/Final Sprites/gdev tile spritesheet_26.asset using Guid(ff5cfd9dbb048f3428b801072b817dca) Importer(815301076,1909f56bfc062723c751e8b465ee728b) (PreviewImporter) -> (artifact id: '702b23508fdcd888cded098641c59904') in 0.0222088 seconds
Number of updated asset objects reloaded before import = 0Number of asset objects unloaded after import = 3

========================================================================
Received Import Request.
  Time since last request: 0.000032 seconds.
  path: Assets/Final Sprites/gdev tile spritesheet_46.asset
  artifactKey: Guid(58e2331440d7a6a42979970b75de2393) Importer(815301076,1909f56bfc062723c751e8b465ee728b)
Start importing Assets/Final Sprites/gdev tile spritesheet_46.asset using Guid(58e2331440d7a6a42979970b75de2393) Importer(815301076,1909f56bfc062723c751e8b465ee728b) (PreviewImporter) -> (artifact id: '9fb13a37e12be8e38af3518be513529e') in 0.0255322 seconds
Number of updated asset objects reloaded before import = 0Number of asset objects unloaded after import = 3

========================================================================
Received Import Request.
  Time since last request: 0.000026 seconds.
  path: Assets/Final Sprites/gdev tile spritesheet_48.asset
  artifactKey: Guid(0f14c042f4aad6b4d90890722b817dad) Importer(815301076,1909f56bfc062723c751e8b465ee728b)
Start importing Assets/Final Sprites/gdev tile spritesheet_48.asset using Guid(0f14c042f4aad6b4d90890722b817dad) Importer(815301076,1909f56bfc062723c751e8b465ee728b) (PreviewImporter) -> (artifact id: 'e211c2fdbab7fcaf736db8ccf770cf07') in 0.020827 seconds
Number of updated asset objects reloaded before import = 0Number of asset objects unloaded after import = 3

========================================================================
Received Import Request.
  Time since last request: 0.000028 seconds.
  path: Assets/Final Sprites/gdev tile spritesheet_21.asset
  artifactKey: Guid(f217508238846554193c1d0c1528b8df) Importer(815301076,1909f56bfc062723c751e8b465ee728b)
Start importing Assets/Final Sprites/gdev tile spritesheet_21.asset using Guid(f217508238846554193c1d0c1528b8df) Importer(815301076,1909f56bfc062723c751e8b465ee728b) (PreviewImporter) -> (artifact id: 'c620979d0d99d6e12fba8f3e1451926a') in 0.0266917 seconds
Number of updated asset objects reloaded before import = 0Number of asset objects unloaded after import = 3

========================================================================
Received Import Request.
  Time since last request: 0.000032 seconds.
  path: Assets/Final Sprites/gdev tile spritesheet_25.asset
  artifactKey: Guid(65253c7aaaa37f64b85e103fea962fcc) Importer(815301076,1909f56bfc062723c751e8b465ee728b)
Start importing Assets/Final Sprites/gdev tile spritesheet_25.asset using Guid(65253c7aaaa37f64b85e103fea962fcc) Importer(815301076,1909f56bfc062723c751e8b465ee728b) (PreviewImporter) -> (artifact id: '8d8a1449af231c9622dcbb88b38ded1b') in 0.0191179 seconds
Number of updated asset objects reloaded before import = 0Number of asset objects unloaded after import = 3

========================================================================
Received Import Request.
  Time since last request: 0.000037 seconds.
  path: Assets/Final Sprites/gdev tile spritesheet_23.asset
  artifactKey: Guid(4c3b67406e5e3f847ab6aa08618363b8) Importer(815301076,1909f56bfc062723c751e8b465ee728b)
Start importing Assets/Final Sprites/gdev tile spritesheet_23.asset using Guid(4c3b67406e5e3f847ab6aa08618363b8) Importer(815301076,1909f56bfc062723c751e8b465ee728b) (PreviewImporter) -> (artifact id: '2937d66ea12685a8fe8237c5bf6a1018') in 0.0198193 seconds
Number of updated asset objects reloaded before import = 0Number of asset objects unloaded after import = 3

========================================================================
Received Import Request.
  Time since last request: 0.000033 seconds.
  path: Assets/Final Sprites/gdev tile spritesheet_40.asset
  artifactKey: Guid(8f520eb09e6105640b304be906a791a9) Importer(815301076,1909f56bfc062723c751e8b465ee728b)
Start importing Assets/Final Sprites/gdev tile spritesheet_40.asset using Guid(8f520eb09e6105640b304be906a791a9) Importer(815301076,1909f56bfc062723c751e8b465ee728b) (PreviewImporter) -> (artifact id: '5090461408fed7d0c247f1072d51740b') in 0.0081672 seconds
Number of updated asset objects reloaded before import = 0Number of asset objects unloaded after import = 3

========================================================================
Received Import Request.
  Time since last request: 0.000033 seconds.
  path: Assets/Final Sprites/gdev tile spritesheet_10.asset
  artifactKey: Guid(ea6cf64ec3bc95745b981cf4c438fbcd) Importer(815301076,1909f56bfc062723c751e8b465ee728b)
Start importing Assets/Final Sprites/gdev tile spritesheet_10.asset using Guid(ea6cf64ec3bc95745b981cf4c438fbcd) Importer(815301076,1909f56bfc062723c751e8b465ee728b) (PreviewImporter) -> (artifact id: '8b058ac9242eed8a3a1b73f7c01709d1') in 0.0183775 seconds
Number of updated asset objects reloaded before import = 0Number of asset objects unloaded after import = 3

========================================================================
Received Import Request.
  Time since last request: 0.000028 seconds.
  path: Assets/Final Sprites/gdev tile spritesheet_24.asset
  artifactKey: Guid(f3cc1161c27ed9c49950da7020a1be0c) Importer(815301076,1909f56bfc062723c751e8b465ee728b)
Start importing Assets/Final Sprites/gdev tile spritesheet_24.asset using Guid(f3cc1161c27ed9c49950da7020a1be0c) Importer(815301076,1909f56bfc062723c751e8b465ee728b) (PreviewImporter) -> (artifact id: '858c8bb8cadc4235b9b0ddf22537ba6c') in 0.0235632 seconds
Number of updated asset objects reloaded before import = 0Number of asset objects unloaded after import = 3

========================================================================
Received Import Request.
  Time since last request: 0.000045 seconds.
  path: Assets/Final Sprites/gdev tile spritesheet_30.asset
  artifactKey: Guid(64e18d4f19e3d3f4586c0209b6d6ae4b) Importer(815301076,1909f56bfc062723c751e8b465ee728b)
Start importing Assets/Final Sprites/gdev tile spritesheet_30.asset using Guid(64e18d4f19e3d3f4586c0209b6d6ae4b) Importer(815301076,1909f56bfc062723c751e8b465ee728b) (PreviewImporter) -> (artifact id: '8a8d113634be91a0068f5700dda669aa') in 0.0340911 seconds
Number of updated asset objects reloaded before import = 0Number of asset objects unloaded after import = 3

========================================================================
Received Import Request.
  Time since last request: 0.000060 seconds.
  path: Assets/Final Sprites/gdev tile spritesheet_5.asset
  artifactKey: Guid(fdcbce261b9d1f44a81d2d69a1e471a6) Importer(815301076,1909f56bfc062723c751e8b465ee728b)
Start importing Assets/Final Sprites/gdev tile spritesheet_5.asset using Guid(fdcbce261b9d1f44a81d2d69a1e471a6) Importer(815301076,1909f56bfc062723c751e8b465ee728b) (PreviewImporter) -> (artifact id: '27d256b435446055f14ea5ce53c6814f') in 0.0210866 seconds
Number of updated asset objects reloaded before import = 0Number of asset objects unloaded after import = 3

========================================================================
Received Import Request.
  Time since last request: 0.000025 seconds.
  path: Assets/Final Sprites/gdev tile spritesheet_45.asset
  artifactKey: Guid(295fefa4fb53a114591676a76a71a10d) Importer(815301076,1909f56bfc062723c751e8b465ee728b)
Start importing Assets/Final Sprites/gdev tile spritesheet_45.asset using Guid(295fefa4fb53a114591676a76a71a10d) Importer(815301076,1909f56bfc062723c751e8b465ee728b) (PreviewImporter) -> (artifact id: 'af60f4ae6038f1a3bbbd86f6693b5cf9') in 0.0219806 seconds
Number of updated asset objects reloaded before import = 0Number of asset objects unloaded after import = 3

========================================================================
Received Import Request.
  Time since last request: 0.000046 seconds.
  path: Assets/Final Sprites/gdev tile spritesheet_36.asset
  artifactKey: Guid(438563d714c805147bef7a57219a1997) Importer(815301076,1909f56bfc062723c751e8b465ee728b)
Start importing Assets/Final Sprites/gdev tile spritesheet_36.asset using Guid(438563d714c805147bef7a57219a1997) Importer(815301076,1909f56bfc062723c751e8b465ee728b) (PreviewImporter) -> (artifact id: '0c147493fbc727d816196876d244dd4c') in 0.0240236 seconds
Number of updated asset objects reloaded before import = 0Number of asset objects unloaded after import = 3

========================================================================
Received Import Request.
  Time since last request: 0.000052 seconds.
  path: Assets/Final Sprites/gdev tile spritesheet_16.asset
  artifactKey: Guid(4e8c5c9c59996d9479aa16c512c7eb32) Importer(815301076,1909f56bfc062723c751e8b465ee728b)
Start importing Assets/Final Sprites/gdev tile spritesheet_16.asset using Guid(4e8c5c9c59996d9479aa16c512c7eb32) Importer(815301076,1909f56bfc062723c751e8b465ee728b) (PreviewImporter) -> (artifact id: '60661b153a126ba5850ce99c6611a123') in 0.0221844 seconds
Number of updated asset objects reloaded before import = 0Number of asset objects unloaded after import = 3

========================================================================
Received Import Request.
  Time since last request: 0.000081 seconds.
  path: Assets/Final Sprites/gdev tile spritesheet_17.asset
  artifactKey: Guid(dcc0c018c5426b44097350b744608073) Importer(815301076,1909f56bfc062723c751e8b465ee728b)
Start importing Assets/Final Sprites/gdev tile spritesheet_17.asset using Guid(dcc0c018c5426b44097350b744608073) Importer(815301076,1909f56bfc062723c751e8b465ee728b) (PreviewImporter) -> (artifact id: 'dc019afe441f72c63c91ec79ba813b78') in 0.0241678 seconds
Number of updated asset objects reloaded before import = 0Number of asset objects unloaded after import = 3

========================================================================
Received Import Request.
  Time since last request: 0.000030 seconds.
  path: Assets/Final Sprites/gdev tile spritesheet_44.asset
  artifactKey: Guid(7afc45e4c1181304384c524831ef8981) Importer(815301076,1909f56bfc062723c751e8b465ee728b)
Start importing Assets/Final Sprites/gdev tile spritesheet_44.asset using Guid(7afc45e4c1181304384c524831ef8981) Importer(815301076,1909f56bfc062723c751e8b465ee728b) (PreviewImporter) -> (artifact id: '7ca95fc60353ceb99d95c384c53aa6de') in 0.023661 seconds
Number of updated asset objects reloaded before import = 0Number of asset objects unloaded after import = 3

========================================================================
Received Import Request.
  Time since last request: 0.000030 seconds.
  path: Assets/Final Sprites/gdev tile spritesheet_27.asset
  artifactKey: Guid(724609b52517b3e49bc9290a7aaa5dc2) Importer(815301076,1909f56bfc062723c751e8b465ee728b)
Start importing Assets/Final Sprites/gdev tile spritesheet_27.asset using Guid(724609b52517b3e49bc9290a7aaa5dc2) Importer(815301076,1909f56bfc062723c751e8b465ee728b) (PreviewImporter) -> (artifact id: 'c42beedd0b8f2cea5d7647012af808f4') in 0.0223639 seconds
Number of updated asset objects reloaded before import = 0Number of asset objects unloaded after import = 3

========================================================================
Received Import Request.
  Time since last request: 0.000058 seconds.
  path: Assets/Final Sprites/gdev tile spritesheet_9.asset
  artifactKey: Guid(0549706f8038c774ab317a04e211f270) Importer(815301076,1909f56bfc062723c751e8b465ee728b)
Start importing Assets/Final Sprites/gdev tile spritesheet_9.asset using Guid(0549706f8038c774ab317a04e211f270) Importer(815301076,1909f56bfc062723c751e8b465ee728b) (PreviewImporter) -> (artifact id: '58fad325c8f77701b95c41357bd96475') in 0.0172091 seconds
Number of updated asset objects reloaded before import = 0Number of asset objects unloaded after import = 3

========================================================================
Received Import Request.
  Time since last request: 0.000044 seconds.
  path: Assets/Final Sprites/gdev tile spritesheet_31.asset
  artifactKey: Guid(aa663311641f65c4d98564a17715c53e) Importer(815301076,1909f56bfc062723c751e8b465ee728b)
Start importing Assets/Final Sprites/gdev tile spritesheet_31.asset using Guid(aa663311641f65c4d98564a17715c53e) Importer(815301076,1909f56bfc062723c751e8b465ee728b) (PreviewImporter) -> (artifact id: '5155e27cb403d7a43827be3a68868ff6') in 0.0190717 seconds
Number of updated asset objects reloaded before import = 0Number of asset objects unloaded after import = 3

========================================================================
Received Import Request.
  Time since last request: 0.000026 seconds.
  path: Assets/Final Sprites/gdev tile spritesheet_3.asset
  artifactKey: Guid(631206690a20783408e59ce6b4641a7f) Importer(815301076,1909f56bfc062723c751e8b465ee728b)
Start importing Assets/Final Sprites/gdev tile spritesheet_3.asset using Guid(631206690a20783408e59ce6b4641a7f) Importer(815301076,1909f56bfc062723c751e8b465ee728b) (PreviewImporter) -> (artifact id: '2afed90b132ba5786b0055e0f7345d16') in 0.0203117 seconds
Number of updated asset objects reloaded before import = 0Number of asset objects unloaded after import = 3

========================================================================
Received Import Request.
  Time since last request: 0.000028 seconds.
  path: Assets/Final Sprites/gdev tile spritesheet_14.asset
  artifactKey: Guid(0aeefd66bebaea34ea17b5bd5a07c7ae) Importer(815301076,1909f56bfc062723c751e8b465ee728b)
Start importing Assets/Final Sprites/gdev tile spritesheet_14.asset using Guid(0aeefd66bebaea34ea17b5bd5a07c7ae) Importer(815301076,1909f56bfc062723c751e8b465ee728b) (PreviewImporter) -> (artifact id: '031cb6eeeb9f947593d319b148d00c43') in 0.0219777 seconds
Number of updated asset objects reloaded before import = 0Number of asset objects unloaded after import = 3

========================================================================
Received Import Request.
  Time since last request: 6.356897 seconds.
  path: Assets/Conveyors/gdev tile spritesheet_85.asset
  artifactKey: Guid(01d72d83e063ad247b40f18a9210d48a) Importer(815301076,1909f56bfc062723c751e8b465ee728b)
Start importing Assets/Conveyors/gdev tile spritesheet_85.asset using Guid(01d72d83e063ad247b40f18a9210d48a) Importer(815301076,1909f56bfc062723c751e8b465ee728b) (PreviewImporter) -> (artifact id: 'b4ff5f5bc7a3a4a6b18c47c6d2cd380a') in 0.0217318 seconds
Number of updated asset objects reloaded before import = 0Number of asset objects unloaded after import = 3

========================================================================
Received Import Request.
  Time since last request: 0.000041 seconds.
  path: Assets/Conveyors/gdev tile spritesheet_95.asset
  artifactKey: Guid(c8e5ac84b8ca7b74aa6b2cefdf21343a) Importer(815301076,1909f56bfc062723c751e8b465ee728b)
Start importing Assets/Conveyors/gdev tile spritesheet_95.asset using Guid(c8e5ac84b8ca7b74aa6b2cefdf21343a) Importer(815301076,1909f56bfc062723c751e8b465ee728b) (PreviewImporter) -> (artifact id: '955718b85db777720931db883b92c41c') in 0.0482071 seconds
Number of updated asset objects reloaded before import = 0Number of asset objects unloaded after import = 3

========================================================================
Received Import Request.
  Time since last request: 0.000024 seconds.
  path: Assets/Conveyors/gdev tile spritesheet_89.asset
  artifactKey: Guid(fd5f006637a051b448b5283e8af8421f) Importer(815301076,1909f56bfc062723c751e8b465ee728b)
Start importing Assets/Conveyors/gdev tile spritesheet_89.asset using Guid(fd5f006637a051b448b5283e8af8421f) Importer(815301076,1909f56bfc062723c751e8b465ee728b) (PreviewImporter) -> (artifact id: 'e74e37bb42eec8c98c0a58bb7bd6e9f8') in 0.0071489 seconds
Number of updated asset objects reloaded before import = 0Number of asset objects unloaded after import = 3

========================================================================
Received Import Request.
  Time since last request: 0.000035 seconds.
  path: Assets/Conveyors/gdev tile spritesheet_92.asset
  artifactKey: Guid(e870b4fa10a9d13498dd3c956edc7d36) Importer(815301076,1909f56bfc062723c751e8b465ee728b)
Start importing Assets/Conveyors/gdev tile spritesheet_92.asset using Guid(e870b4fa10a9d13498dd3c956edc7d36) Importer(815301076,1909f56bfc062723c751e8b465ee728b) (PreviewImporter) -> (artifact id: 'f4db87930ad08cf32f0e44a3d34f5c47') in 0.007108 seconds
Number of updated asset objects reloaded before import = 0Number of asset objects unloaded after import = 3

========================================================================
Received Import Request.
  Time since last request: 4.036187 seconds.
  path: Assets/Floor/gdev tile spritesheet_6.asset
  artifactKey: Guid(fa777c69114da9c4db960f37411f3e16) Importer(815301076,1909f56bfc062723c751e8b465ee728b)
Start importing Assets/Floor/gdev tile spritesheet_6.asset using Guid(fa777c69114da9c4db960f37411f3e16) Importer(815301076,1909f56bfc062723c751e8b465ee728b) (PreviewImporter) -> (artifact id: '50ea7e2936a7b5f8a1244b1221e6a87a') in 0.0180125 seconds
Number of updated asset objects reloaded before import = 0Number of asset objects unloaded after import = 3

========================================================================
Received Import Request.
  Time since last request: 0.000026 seconds.
  path: Assets/Floor/gdev tile spritesheet_31.asset
  artifactKey: Guid(e8aeae740fff9464db4c1c64c84555c9) Importer(815301076,1909f56bfc062723c751e8b465ee728b)
Start importing Assets/Floor/gdev tile spritesheet_31.asset using Guid(e8aeae740fff9464db4c1c64c84555c9) Importer(815301076,1909f56bfc062723c751e8b465ee728b) (PreviewImporter) -> (artifact id: 'fc50cd085c41d074eb9b8a7ac978f09a') in 0.0161251 seconds
Number of updated asset objects reloaded before import = 0Number of asset objects unloaded after import = 3

========================================================================
Received Import Request.
  Time since last request: 0.000036 seconds.
  path: Assets/Floor/gdev tile spritesheet_14.asset
  artifactKey: Guid(6edb19f26224831419aad8757a8defaf) Importer(815301076,1909f56bfc062723c751e8b465ee728b)
Start importing Assets/Floor/gdev tile spritesheet_14.asset using Guid(6edb19f26224831419aad8757a8defaf) Importer(815301076,1909f56bfc062723c751e8b465ee728b) (PreviewImporter) -> (artifact id: 'eb76ba560b4809830bd5295f8536cab7') in 0.0066043 seconds
Number of updated asset objects reloaded before import = 0Number of asset objects unloaded after import = 3

========================================================================
Received Import Request.
  Time since last request: 0.000030 seconds.
  path: Assets/Floor/gdev tile spritesheet_37.asset
  artifactKey: Guid(e5dc961d4681be34c875c7c660992327) Importer(815301076,1909f56bfc062723c751e8b465ee728b)
Start importing Assets/Floor/gdev tile spritesheet_37.asset using Guid(e5dc961d4681be34c875c7c660992327) Importer(815301076,1909f56bfc062723c751e8b465ee728b) (PreviewImporter) -> (artifact id: 'd230abef62b46c1a73f6889b34e49160') in 0.0067961 seconds
Number of updated asset objects reloaded before import = 0Number of asset objects unloaded after import = 3

========================================================================
Received Import Request.
  Time since last request: 0.000045 seconds.
  path: Assets/Floor/gdev tile spritesheet_18.asset
  artifactKey: Guid(d2a9fd0fd9b01104785243f4b5c0df93) Importer(815301076,1909f56bfc062723c751e8b465ee728b)
Start importing Assets/Floor/gdev tile spritesheet_18.asset using Guid(d2a9fd0fd9b01104785243f4b5c0df93) Importer(815301076,1909f56bfc062723c751e8b465ee728b) (PreviewImporter) -> (artifact id: '07511a3d037d56fdd6953a74ff9def7c') in 0.0062899 seconds
Number of updated asset objects reloaded before import = 0Number of asset objects unloaded after import = 3

========================================================================
Received Import Request.
  Time since last request: 0.000045 seconds.
  path: Assets/Floor/gdev tile spritesheet_16.asset
  artifactKey: Guid(6935332301a78ef4a8e7b09114b8f203) Importer(815301076,1909f56bfc062723c751e8b465ee728b)
Start importing Assets/Floor/gdev tile spritesheet_16.asset using Guid(6935332301a78ef4a8e7b09114b8f203) Importer(815301076,1909f56bfc062723c751e8b465ee728b) (PreviewImporter) -> (artifact id: 'b0e181e3245e14d808a7ffcbdee09d95') in 0.0066872 seconds
Number of updated asset objects reloaded before import = 0Number of asset objects unloaded after import = 3

========================================================================
Received Import Request.
  Time since last request: 0.000031 seconds.
  path: Assets/Floor/gdev tile spritesheet_29.asset
  artifactKey: Guid(f5244ece67d36364088cbeefbf573605) Importer(815301076,1909f56bfc062723c751e8b465ee728b)
Start importing Assets/Floor/gdev tile spritesheet_29.asset using Guid(f5244ece67d36364088cbeefbf573605) Importer(815301076,1909f56bfc062723c751e8b465ee728b) (PreviewImporter) -> (artifact id: '9526fde009392111a9695fdd146a6bfa') in 0.0060644 seconds
Number of updated asset objects reloaded before import = 0Number of asset objects unloaded after import = 3

========================================================================
Received Import Request.
  Time since last request: 4.276121 seconds.
  path: Assets/Player Sprites/gdev tile spritesheet_52.asset
  artifactKey: Guid(eab81bb9e615ed945a9a31d80ce19bd4) Importer(815301076,1909f56bfc062723c751e8b465ee728b)
Start importing Assets/Player Sprites/gdev tile spritesheet_52.asset using Guid(eab81bb9e615ed945a9a31d80ce19bd4) Importer(815301076,1909f56bfc062723c751e8b465ee728b) (PreviewImporter) -> (artifact id: 'b5569acfd644f0c444f88f898a31cdc9') in 0.0139204 seconds
Number of updated asset objects reloaded before import = 0Number of asset objects unloaded after import = 3

========================================================================
Received Import Request.
  Time since last request: 0.000029 seconds.
  path: Assets/Player Sprites/gdev tile spritesheet_74.asset
  artifactKey: Guid(e6c094af3383dee48b1ab270cbfa71b3) Importer(815301076,1909f56bfc062723c751e8b465ee728b)
Start importing Assets/Player Sprites/gdev tile spritesheet_74.asset using Guid(e6c094af3383dee48b1ab270cbfa71b3) Importer(815301076,1909f56bfc062723c751e8b465ee728b) (PreviewImporter) -> (artifact id: 'da1ffb4c74e75c3333efb6fd728b82de') in 0.0094866 seconds
Number of updated asset objects reloaded before import = 0Number of asset objects unloaded after import = 3

========================================================================
Received Import Request.
  Time since last request: 0.000027 seconds.
  path: Assets/Player Sprites/gdev tile spritesheet_55.asset
  artifactKey: Guid(17c10d4b2fd02814d924bfb8ed71c282) Importer(815301076,1909f56bfc062723c751e8b465ee728b)
Start importing Assets/Player Sprites/gdev tile spritesheet_55.asset using Guid(17c10d4b2fd02814d924bfb8ed71c282) Importer(815301076,1909f56bfc062723c751e8b465ee728b) (PreviewImporter) -> (artifact id: '36f3a97f03854435e858d4bc39eb7009') in 0.0069414 seconds
Number of updated asset objects reloaded before import = 0Number of asset objects unloaded after import = 3

========================================================================
Received Import Request.
  Time since last request: 0.000028 seconds.
  path: Assets/Player Sprites/gdev tile spritesheet_71.asset
  artifactKey: Guid(f97371e9cc4411f4b8d238c52c833cd5) Importer(815301076,1909f56bfc062723c751e8b465ee728b)
Start importing Assets/Player Sprites/gdev tile spritesheet_71.asset using Guid(f97371e9cc4411f4b8d238c52c833cd5) Importer(815301076,1909f56bfc062723c751e8b465ee728b) (PreviewImporter) -> (artifact id: 'c19c1c0da40fcb5cf253b1b99ee881fc') in 0.01931 seconds
Number of updated asset objects reloaded before import = 0Number of asset objects unloaded after import = 3

========================================================================
Received Import Request.
  Time since last request: 0.000025 seconds.
  path: Assets/Player Sprites/gdev tile spritesheet_72.asset
  artifactKey: Guid(3e08f77ccc476684a9f585d0e5cfdf18) Importer(815301076,1909f56bfc062723c751e8b465ee728b)
Start importing Assets/Player Sprites/gdev tile spritesheet_72.asset using Guid(3e08f77ccc476684a9f585d0e5cfdf18) Importer(815301076,1909f56bfc062723c751e8b465ee728b) (PreviewImporter) -> (artifact id: '54386cce39f6a6c9fe718d59ac200a1c') in 0.0061615 seconds
Number of updated asset objects reloaded before import = 0Number of asset objects unloaded after import = 3

========================================================================
Received Import Request.
  Time since last request: 4.825654 seconds.
  path: Assets/Slide/gdev tile spritesheet_17.asset
  artifactKey: Guid(e4dbfe7204fb75f4887fcc83ed111cff) Importer(815301076,1909f56bfc062723c751e8b465ee728b)
Start importing Assets/Slide/gdev tile spritesheet_17.asset using Guid(e4dbfe7204fb75f4887fcc83ed111cff) Importer(815301076,1909f56bfc062723c751e8b465ee728b) (PreviewImporter) -> (artifact id: '7325b832cd4047223c09123845dd5d50') in 0.012394 seconds
Number of updated asset objects reloaded before import = 0Number of asset objects unloaded after import = 3

========================================================================
Received Import Request.
  Time since last request: 271.371933 seconds.
  path: Assets/Final Sprites/gdev tile spritesheet_50.asset
  artifactKey: Guid(31de34468b4edae44ad50e9cbd28cab6) Importer(815301076,1909f56bfc062723c751e8b465ee728b)
Start importing Assets/Final Sprites/gdev tile spritesheet_50.asset using Guid(31de34468b4edae44ad50e9cbd28cab6) Importer(815301076,1909f56bfc062723c751e8b465ee728b) (PreviewImporter) -> (artifact id: '88e840fe2260829e650e00062fedb3ca') in 0.023054 seconds
Number of updated asset objects reloaded before import = 0Number of asset objects unloaded after import = 3

========================================================================
Received Import Request.
  Time since last request: 0.369922 seconds.
  path: Assets/Final Sprites/gdev tile spritesheet_53.asset
  artifactKey: Guid(43f65b651af3a1047a96c6c599d76c35) Importer(815301076,1909f56bfc062723c751e8b465ee728b)
Start importing Assets/Final Sprites/gdev tile spritesheet_53.asset using Guid(43f65b651af3a1047a96c6c599d76c35) Importer(815301076,1909f56bfc062723c751e8b465ee728b) (PreviewImporter) -> (artifact id: '98234f3d0e5db255065a5b32e509dfdc') in 0.0177327 seconds
Number of updated asset objects reloaded before import = 0Number of asset objects unloaded after import = 3

========================================================================
Received Import Request.
  Time since last request: 0.000026 seconds.
  path: Assets/Final Sprites/gdev tile spritesheet_54.asset
  artifactKey: Guid(c5c3fc6acee32a0449d9c892483525a1) Importer(815301076,1909f56bfc062723c751e8b465ee728b)
Start importing Assets/Final Sprites/gdev tile spritesheet_54.asset using Guid(c5c3fc6acee32a0449d9c892483525a1) Importer(815301076,1909f56bfc062723c751e8b465ee728b) (PreviewImporter) -> (artifact id: '4f25406236964e7426b8f60ae09eed1d') in 0.0213735 seconds
Number of updated asset objects reloaded before import = 0Number of asset objects unloaded after import = 3

========================================================================
Received Import Request.
  Time since last request: 0.669508 seconds.
  path: Assets/Final Sprites/gdev tile spritesheet_57.asset
  artifactKey: Guid(6a51a2bb49de23944af18884679a88a1) Importer(815301076,1909f56bfc062723c751e8b465ee728b)
Start importing Assets/Final Sprites/gdev tile spritesheet_57.asset using Guid(6a51a2bb49de23944af18884679a88a1) Importer(815301076,1909f56bfc062723c751e8b465ee728b) (PreviewImporter) -> (artifact id: 'd971abdbb1aed405864e8de360736005') in 0.0197183 seconds
Number of updated asset objects reloaded before import = 0Number of asset objects unloaded after import = 3

========================================================================
Received Import Request.
  Time since last request: 2.980928 seconds.
  path: Assets/Final Sprites/gdev tile spritesheet_59.asset
  artifactKey: Guid(72e64c009d6228e4280e98d66f7a316c) Importer(815301076,1909f56bfc062723c751e8b465ee728b)
Start importing Assets/Final Sprites/gdev tile spritesheet_59.asset using Guid(72e64c009d6228e4280e98d66f7a316c) Importer(815301076,1909f56bfc062723c751e8b465ee728b) (PreviewImporter) -> (artifact id: '0e925c31a45832b24dd84a60fe58f2e6') in 0.0185617 seconds
Number of updated asset objects reloaded before import = 0Number of asset objects unloaded after import = 3

========================================================================
Received Import Request.
  Time since last request: 0.000025 seconds.
  path: Assets/Final Sprites/gdev tile spritesheet_61.asset
  artifactKey: Guid(9354f7c40fc1acf42a81b24b6a787445) Importer(815301076,1909f56bfc062723c751e8b465ee728b)
Start importing Assets/Final Sprites/gdev tile spritesheet_61.asset using Guid(9354f7c40fc1acf42a81b24b6a787445) Importer(815301076,1909f56bfc062723c751e8b465ee728b) (PreviewImporter) -> (artifact id: '116535fd7b13dbaae0ebfe518dd32c6a') in 0.0250638 seconds
Number of updated asset objects reloaded before import = 0Number of asset objects unloaded after import = 3

========================================================================
Received Import Request.
  Time since last request: 0.000029 seconds.
  path: Assets/Final Sprites/gdev tile spritesheet_62.asset
  artifactKey: Guid(5ad095b50ca307e409fbad76a2c2e428) Importer(815301076,1909f56bfc062723c751e8b465ee728b)
Start importing Assets/Final Sprites/gdev tile spritesheet_62.asset using Guid(5ad095b50ca307e409fbad76a2c2e428) Importer(815301076,1909f56bfc062723c751e8b465ee728b) (PreviewImporter) -> (artifact id: '1ea227719aea2f3512e50dd4ea5b35c7') in 0.0218426 seconds
Number of updated asset objects reloaded before import = 0Number of asset objects unloaded after import = 3

========================================================================
Received Import Request.
  Time since last request: 25.530948 seconds.
  path: Assets/Final Sprites/gdev tile spritesheet_65.asset
  artifactKey: Guid(f0405431280e86849856a1eb1deb8607) Importer(815301076,1909f56bfc062723c751e8b465ee728b)
Start importing Assets/Final Sprites/gdev tile spritesheet_65.asset using Guid(f0405431280e86849856a1eb1deb8607) Importer(815301076,1909f56bfc062723c751e8b465ee728b) (PreviewImporter) -> (artifact id: 'd4d14122b632e5456cc7bcab0e736134') in 0.0295874 seconds
Number of updated asset objects reloaded before import = 0Number of asset objects unloaded after import = 3

========================================================================
Received Import Request.
  Time since last request: 0.172455 seconds.
  path: Assets/Final Sprites/gdev tile spritesheet_67.asset
  artifactKey: Guid(5ab8bea393064a44cad62d56b4d04c52) Importer(815301076,1909f56bfc062723c751e8b465ee728b)
Start importing Assets/Final Sprites/gdev tile spritesheet_67.asset using Guid(5ab8bea393064a44cad62d56b4d04c52) Importer(815301076,1909f56bfc062723c751e8b465ee728b) (PreviewImporter) -> (artifact id: '5748334baecd46f006f3a970b8e80023') in 0.0238372 seconds
Number of updated asset objects reloaded before import = 0Number of asset objects unloaded after import = 3

========================================================================
Received Import Request.
  Time since last request: 0.000031 seconds.
  path: Assets/Final Sprites/gdev tile spritesheet_69.asset
  artifactKey: Guid(25a90fc26be93b847a92ef44116fe60a) Importer(815301076,1909f56bfc062723c751e8b465ee728b)
Start importing Assets/Final Sprites/gdev tile spritesheet_69.asset using Guid(25a90fc26be93b847a92ef44116fe60a) Importer(815301076,1909f56bfc062723c751e8b465ee728b) (PreviewImporter) -> (artifact id: 'e81689738ffd2b7820e7f3d1070e2b12') in 0.0083702 seconds
Number of updated asset objects reloaded before import = 0Number of asset objects unloaded after import = 3

========================================================================
Received Import Request.
  Time since last request: 0.517194 seconds.
  path: Assets/Final Sprites/gdev tile spritesheet_71.asset
  artifactKey: Guid(1150efc5db097124882ddd9c8ffba545) Importer(815301076,1909f56bfc062723c751e8b465ee728b)
Start importing Assets/Final Sprites/gdev tile spritesheet_71.asset using Guid(1150efc5db097124882ddd9c8ffba545) Importer(815301076,1909f56bfc062723c751e8b465ee728b) (PreviewImporter) -> (artifact id: 'c21499de1bdcb7e2dafad361802232e0') in 0.0214579 seconds
Number of updated asset objects reloaded before import = 0Number of asset objects unloaded after import = 3

========================================================================
Received Import Request.
  Time since last request: 0.000024 seconds.
  path: Assets/Final Sprites/gdev tile spritesheet_73.asset
  artifactKey: Guid(e5b64c06a3c733f45aa5c037b83f28c9) Importer(815301076,1909f56bfc062723c751e8b465ee728b)
Start importing Assets/Final Sprites/gdev tile spritesheet_73.asset using Guid(e5b64c06a3c733f45aa5c037b83f28c9) Importer(815301076,1909f56bfc062723c751e8b465ee728b) (PreviewImporter) -> (artifact id: 'e40e4c2318377f81d67f8f3c6fe3b7a5') in 0.0201732 seconds
Number of updated asset objects reloaded before import = 0Number of asset objects unloaded after import = 3

========================================================================
Received Import Request.
  Time since last request: 0.337774 seconds.
  path: Assets/Final Sprites/gdev tile spritesheet_75.asset
  artifactKey: Guid(333c24b0a158257489ddd91aa4f996f8) Importer(815301076,1909f56bfc062723c751e8b465ee728b)
Start importing Assets/Final Sprites/gdev tile spritesheet_75.asset using Guid(333c24b0a158257489ddd91aa4f996f8) Importer(815301076,1909f56bfc062723c751e8b465ee728b) (PreviewImporter) -> (artifact id: '43bbe388f2061a189bd2079a08685316') in 0.022448 seconds
Number of updated asset objects reloaded before import = 0Number of asset objects unloaded after import = 3

========================================================================
Received Import Request.
  Time since last request: 0.000022 seconds.
  path: Assets/Final Sprites/gdev tile spritesheet_77.asset
  artifactKey: Guid(10f11cf0146183b48a690323c9cb6190) Importer(815301076,1909f56bfc062723c751e8b465ee728b)
Start importing Assets/Final Sprites/gdev tile spritesheet_77.asset using Guid(10f11cf0146183b48a690323c9cb6190) Importer(815301076,1909f56bfc062723c751e8b465ee728b) (PreviewImporter) -> (artifact id: 'ed303cb6a1c73584d73526cacf906a82') in 0.017649 seconds
Number of updated asset objects reloaded before import = 0Number of asset objects unloaded after import = 3

========================================================================
Received Import Request.
  Time since last request: 0.349095 seconds.
  path: Assets/Final Sprites/gdev tile spritesheet_79.asset
  artifactKey: Guid(f252944dfe6deda498454a4f52b824d6) Importer(815301076,1909f56bfc062723c751e8b465ee728b)
Start importing Assets/Final Sprites/gdev tile spritesheet_79.asset using Guid(f252944dfe6deda498454a4f52b824d6) Importer(815301076,1909f56bfc062723c751e8b465ee728b) (PreviewImporter) -> (artifact id: 'aa60a0b8d32386d681a3ca7538bbac43') in 0.021775 seconds
Number of updated asset objects reloaded before import = 0Number of asset objects unloaded after import = 3

========================================================================
Received Import Request.
  Time since last request: 0.000023 seconds.
  path: Assets/Final Sprites/gdev tile spritesheet_81.asset
  artifactKey: Guid(fe35545530fda894599cd11bb95f0b34) Importer(815301076,1909f56bfc062723c751e8b465ee728b)
Start importing Assets/Final Sprites/gdev tile spritesheet_81.asset using Guid(fe35545530fda894599cd11bb95f0b34) Importer(815301076,1909f56bfc062723c751e8b465ee728b) (PreviewImporter) -> (artifact id: 'bad65712c6dfb182526bb24fb89eae2a') in 0.021504 seconds
Number of updated asset objects reloaded before import = 0Number of asset objects unloaded after import = 3

========================================================================
Received Import Request.
  Time since last request: 0.000077 seconds.
  path: Assets/Final Sprites/gdev tile spritesheet_83.asset
  artifactKey: Guid(1f0c4de1b99c7464da138d158d92a47f) Importer(815301076,1909f56bfc062723c751e8b465ee728b)
Start importing Assets/Final Sprites/gdev tile spritesheet_83.asset using Guid(1f0c4de1b99c7464da138d158d92a47f) Importer(815301076,1909f56bfc062723c751e8b465ee728b) (PreviewImporter) -> (artifact id: '71a30795b3ba90a94485b61d2e648842') in 0.0182882 seconds
Number of updated asset objects reloaded before import = 0Number of asset objects unloaded after import = 3

========================================================================
Received Import Request.
  Time since last request: 0.264620 seconds.
  path: Assets/Final Sprites/gdev tile spritesheet_85.asset
  artifactKey: Guid(f5339a8dade8a2e459e8b749913cec19) Importer(815301076,1909f56bfc062723c751e8b465ee728b)
Start importing Assets/Final Sprites/gdev tile spritesheet_85.asset using Guid(f5339a8dade8a2e459e8b749913cec19) Importer(815301076,1909f56bfc062723c751e8b465ee728b) (PreviewImporter) -> (artifact id: '6284ce2f28291fc08265da4abd9fd667') in 0.0173406 seconds
Number of updated asset objects reloaded before import = 0Number of asset objects unloaded after import = 3

========================================================================
Received Import Request.
  Time since last request: 0.000025 seconds.
  path: Assets/Final Sprites/gdev tile spritesheet_86.asset
  artifactKey: Guid(7b8146ab945a1164bb4bb186ab9531c4) Importer(815301076,1909f56bfc062723c751e8b465ee728b)
Start importing Assets/Final Sprites/gdev tile spritesheet_86.asset using Guid(7b8146ab945a1164bb4bb186ab9531c4) Importer(815301076,1909f56bfc062723c751e8b465ee728b) (PreviewImporter) -> (artifact id: 'c77d1de8f31772c658f6e313166a74c9') in 0.019746 seconds
Number of updated asset objects reloaded before import = 0Number of asset objects unloaded after import = 3

========================================================================
Received Import Request.
  Time since last request: 0.000021 seconds.
  path: Assets/Final Sprites/gdev tile spritesheet_89.asset
  artifactKey: Guid(7c100c09d635e824fbe4f6c024f8bdcd) Importer(815301076,1909f56bfc062723c751e8b465ee728b)
Start importing Assets/Final Sprites/gdev tile spritesheet_89.asset using Guid(7c100c09d635e824fbe4f6c024f8bdcd) Importer(815301076,1909f56bfc062723c751e8b465ee728b) (PreviewImporter) -> (artifact id: '265aebb1dc468b4c3752e0f1d1d51d42') in 0.0174104 seconds
Number of updated asset objects reloaded before import = 0Number of asset objects unloaded after import = 3

========================================================================
Received Import Request.
  Time since last request: 0.232012 seconds.
  path: Assets/Final Sprites/gdev tile spritesheet_91.asset
  artifactKey: Guid(963e58797d4fe1642b22148f2e32023e) Importer(815301076,1909f56bfc062723c751e8b465ee728b)
Start importing Assets/Final Sprites/gdev tile spritesheet_91.asset using Guid(963e58797d4fe1642b22148f2e32023e) Importer(815301076,1909f56bfc062723c751e8b465ee728b) (PreviewImporter) -> (artifact id: 'b23dba987c3c142f1b4856a0ebf7f27a') in 0.0217237 seconds
Number of updated asset objects reloaded before import = 0Number of asset objects unloaded after import = 3

========================================================================
Received Import Request.
  Time since last request: 0.000031 seconds.
  path: Assets/Final Sprites/gdev tile spritesheet_92.asset
  artifactKey: Guid(e4eec03d1f9b40f439593626da454a0c) Importer(815301076,1909f56bfc062723c751e8b465ee728b)
Start importing Assets/Final Sprites/gdev tile spritesheet_92.asset using Guid(e4eec03d1f9b40f439593626da454a0c) Importer(815301076,1909f56bfc062723c751e8b465ee728b) (PreviewImporter) -> (artifact id: '8976ee0de12b3cde22fb80a2a69a6bb7') in 0.0188385 seconds
Number of updated asset objects reloaded before import = 0Number of asset objects unloaded after import = 3

========================================================================
Received Import Request.
  Time since last request: 0.000020 seconds.
  path: Assets/Final Sprites/gdev tile spritesheet_95.asset
  artifactKey: Guid(a7d3bba2e78187948b707b16d82552c8) Importer(815301076,1909f56bfc062723c751e8b465ee728b)
Start importing Assets/Final Sprites/gdev tile spritesheet_95.asset using Guid(a7d3bba2e78187948b707b16d82552c8) Importer(815301076,1909f56bfc062723c751e8b465ee728b) (PreviewImporter) -> (artifact id: '7e62a926c6c707d09170da35bbf6b110') in 0.0226459 seconds
Number of updated asset objects reloaded before import = 0Number of asset objects unloaded after import = 3

========================================================================
Received Prepare
Begin MonoManager ReloadAssembly
[Licensing::Client] Successfully resolved entitlement details
- Loaded All Assemblies, in  0.702 seconds
Refreshing native plugins compatible for Editor in 1.48 ms, found 4 plugins.
Native extension for WindowsStandalone target not found
[Package Manager] Failed to launch server process. Reason: Unity was launched with the -noUpm command-line argument
[Package Manager] Unable to send message (not connected to server process).
[Package Manager] Cannot connect to Unity Package Manager local server
Mono: successfully reloaded assembly
- Finished resetting the current domain, in  0.641 seconds
Domain Reload Profiling: 1342ms
	BeginReloadAssembly (234ms)
		ExecutionOrderSort (0ms)
		DisableScriptedObjects (31ms)
		BackupInstance (0ms)
		ReleaseScriptingObjects (0ms)
		CreateAndSetChildDomain (67ms)
	RebuildCommonClasses (29ms)
	RebuildNativeTypeToScriptingClass (10ms)
	initialDomainReloadingComplete (24ms)
	LoadAllAssembliesAndSetupDomain (404ms)
		LoadAssemblies (319ms)
		RebuildTransferFunctionScriptingTraits (0ms)
		AnalyzeDomain (165ms)
			TypeCache.Refresh (5ms)
				TypeCache.ScanAssembly (0ms)
			BuildScriptInfoCaches (144ms)
			ResolveRequiredComponents (11ms)
	FinalizeReload (641ms)
		ReleaseScriptCaches (0ms)
		RebuildScriptCaches (0ms)
		SetupLoadedEditorAssemblies (505ms)
			LogAssemblyErrors (0ms)
			InitializePlatformSupportModulesInManaged (2ms)
			SetLoadedEditorAssemblies (5ms)
			BeforeProcessingInitializeOnLoad (128ms)
			ProcessInitializeOnLoadAttributes (309ms)
			ProcessInitializeOnLoadMethodAttributes (55ms)
			AfterProcessingInitializeOnLoad (5ms)
			EditorAssembliesLoaded (0ms)
		ExecutionOrderSort2 (0ms)
		AwakeInstancesAfterBackupRestoration (15ms)
Refreshing native plugins compatible for Editor in 1.43 ms, found 4 plugins.
Preloading 0 native plugins for Editor in 0.00 ms.
Unloading 36 Unused Serialized files (Serialized files now loaded: 0)
Unloading 6763 unused Assets / (6.8 MB). Loaded Objects now: 7473.
Memory consumption went from 156.0 MB to 149.2 MB.
Total: 10.669800 ms (FindLiveObjects: 0.842100 ms CreateObjectMapping: 0.374600 ms MarkObjects: 5.199600 ms  DeleteObjects: 4.251900 ms)

Prepare: number of updated asset objects reloaded= 0
========================================================================
Received Import Request.
  Time since last request: 292.738201 seconds.
  path: Assets/Tile Info/Conveyor_Left.asset
  artifactKey: Guid(7448975d9fa56834194fd9dbfaac8ad2) Importer(815301076,1909f56bfc062723c751e8b465ee728b)
Start importing Assets/Tile Info/Conveyor_Left.asset using Guid(7448975d9fa56834194fd9dbfaac8ad2) Importer(815301076,1909f56bfc062723c751e8b465ee728b) (PreviewImporter) -> (artifact id: '156777c59da4bd8519a9b44317bbc6d4') in 0.0283939 seconds
Number of updated asset objects reloaded before import = 0Number of asset objects unloaded after import = 7

========================================================================
Received Import Request.
  Time since last request: 0.000020 seconds.
  path: Assets/Tile Info/Slide.asset
  artifactKey: Guid(8619a02d0750d9741a09ac4c9f53eab3) Importer(815301076,1909f56bfc062723c751e8b465ee728b)
Start importing Assets/Tile Info/Slide.asset using Guid(8619a02d0750d9741a09ac4c9f53eab3) Importer(815301076,1909f56bfc062723c751e8b465ee728b) (PreviewImporter) -> (artifact id: '56b3b53f086fb40954d54af39991f002') in 0.0017125 seconds
Number of updated asset objects reloaded before import = 0Number of asset objects unloaded after import = 5

========================================================================
Received Prepare
Begin MonoManager ReloadAssembly
[Licensing::Client] Successfully resolved entitlement details
- Loaded All Assemblies, in  0.746 seconds
Refreshing native plugins compatible for Editor in 1.83 ms, found 4 plugins.
Native extension for WindowsStandalone target not found
[Package Manager] Failed to launch server process. Reason: Unity was launched with the -noUpm command-line argument
[Package Manager] Unable to send message (not connected to server process).
[Package Manager] Cannot connect to Unity Package Manager local server
Mono: successfully reloaded assembly
- Finished resetting the current domain, in  0.715 seconds
Domain Reload Profiling: 1460ms
	BeginReloadAssembly (217ms)
		ExecutionOrderSort (0ms)
		DisableScriptedObjects (15ms)
		BackupInstance (0ms)
		ReleaseScriptingObjects (0ms)
		CreateAndSetChildDomain (58ms)
	RebuildCommonClasses (28ms)
	RebuildNativeTypeToScriptingClass (11ms)
	initialDomainReloadingComplete (32ms)
	LoadAllAssembliesAndSetupDomain (456ms)
		LoadAssemblies (358ms)
		RebuildTransferFunctionScriptingTraits (0ms)
		AnalyzeDomain (189ms)
			TypeCache.Refresh (6ms)
				TypeCache.ScanAssembly (0ms)
			BuildScriptInfoCaches (169ms)
			ResolveRequiredComponents (9ms)
	FinalizeReload (715ms)
		ReleaseScriptCaches (0ms)
		RebuildScriptCaches (0ms)
		SetupLoadedEditorAssemblies (542ms)
			LogAssemblyErrors (0ms)
			InitializePlatformSupportModulesInManaged (2ms)
			SetLoadedEditorAssemblies (5ms)
			BeforeProcessingInitializeOnLoad (125ms)
			ProcessInitializeOnLoadAttributes (343ms)
			ProcessInitializeOnLoadMethodAttributes (61ms)
			AfterProcessingInitializeOnLoad (5ms)
			EditorAssembliesLoaded (0ms)
		ExecutionOrderSort2 (0ms)
		AwakeInstancesAfterBackupRestoration (13ms)
Refreshing native plugins compatible for Editor in 2.09 ms, found 4 plugins.
Preloading 0 native plugins for Editor in 0.00 ms.
Unloading 36 Unused Serialized files (Serialized files now loaded: 0)
Unloading 6763 unused Assets / (6.9 MB). Loaded Objects now: 7475.
Memory consumption went from 155.8 MB to 149.0 MB.
Total: 13.436500 ms (FindLiveObjects: 0.784600 ms CreateObjectMapping: 0.399200 ms MarkObjects: 6.747900 ms  DeleteObjects: 5.503000 ms)

Prepare: number of updated asset objects reloaded= 0
========================================================================
Received Prepare
Begin MonoManager ReloadAssembly
- Loaded All Assemblies, in  0.742 seconds
Refreshing native plugins compatible for Editor in 1.37 ms, found 4 plugins.
Native extension for WindowsStandalone target not found
[Package Manager] Failed to launch server process. Reason: Unity was launched with the -noUpm command-line argument
[Package Manager] Unable to send message (not connected to server process).
[Package Manager] Cannot connect to Unity Package Manager local server
Mono: successfully reloaded assembly
- Finished resetting the current domain, in  0.726 seconds
Domain Reload Profiling: 1469ms
	BeginReloadAssembly (210ms)
		ExecutionOrderSort (0ms)
		DisableScriptedObjects (16ms)
		BackupInstance (0ms)
		ReleaseScriptingObjects (0ms)
		CreateAndSetChildDomain (56ms)
	RebuildCommonClasses (34ms)
	RebuildNativeTypeToScriptingClass (10ms)
	initialDomainReloadingComplete (26ms)
	LoadAllAssembliesAndSetupDomain (463ms)
		LoadAssemblies (347ms)
		RebuildTransferFunctionScriptingTraits (0ms)
		AnalyzeDomain (198ms)
			TypeCache.Refresh (6ms)
				TypeCache.ScanAssembly (0ms)
			BuildScriptInfoCaches (176ms)
			ResolveRequiredComponents (11ms)
	FinalizeReload (726ms)
		ReleaseScriptCaches (0ms)
		RebuildScriptCaches (0ms)
		SetupLoadedEditorAssemblies (575ms)
			LogAssemblyErrors (0ms)
			InitializePlatformSupportModulesInManaged (2ms)
			SetLoadedEditorAssemblies (5ms)
			BeforeProcessingInitializeOnLoad (129ms)
			ProcessInitializeOnLoadAttributes (368ms)
			ProcessInitializeOnLoadMethodAttributes (65ms)
			AfterProcessingInitializeOnLoad (5ms)
			EditorAssembliesLoaded (1ms)
		ExecutionOrderSort2 (0ms)
		AwakeInstancesAfterBackupRestoration (19ms)
Refreshing native plugins compatible for Editor in 1.53 ms, found 4 plugins.
Preloading 0 native plugins for Editor in 0.00 ms.
Unloading 36 Unused Serialized files (Serialized files now loaded: 0)
Unloading 6763 unused Assets / (6.6 MB). Loaded Objects now: 7477.
Memory consumption went from 156.7 MB to 150.1 MB.
Total: 10.546200 ms (FindLiveObjects: 0.985500 ms CreateObjectMapping: 0.470500 ms MarkObjects: 4.740200 ms  DeleteObjects: 4.348900 ms)

Prepare: number of updated asset objects reloaded= 0
Editor requested this worker to shutdown with reason: Scaling down because of idle timeout
AssetImportWorker is now disconnected from the server
Process exiting
Exiting without the bug reporter. Application will terminate with return code 0